// Jest Snapshot v1, https://goo.gl/fbAQLP

exports[`withFchg arrivalCancelled.xml 1`] = `
{
  "departures": [
    {
      "additional": undefined,
      "arrival": {
        "cancelled": true,
        "delay": 0,
        "hidden": false,
        "platform": "13",
        "scheduledPlatform": "13",
        "scheduledTime": 2019-03-17T12:58:00.000Z,
        "time": 2019-03-17T12:58:00.000Z,
        "transition": undefined,
        "wingIds": undefined,
      },
      "cancelled": undefined,
      "currentStopPlace": {
        "evaNumber": "test",
        "name": "test",
      },
      "departure": {
        "hidden": false,
        "platform": "13",
        "scheduledPlatform": "13",
        "scheduledTime": 2019-03-17T13:00:00.000Z,
        "time": 2019-03-17T13:00:00.000Z,
        "transition": undefined,
        "wingIds": undefined,
      },
      "destination": "Hagen Hbf",
      "id": "6062058741531589910",
      "initialDeparture": 2019-03-16T14:24:00.000Z,
      "mediumId": "6062058741531589910-1903161424",
      "messages": {
        "delay": [],
        "him": [],
        "qos": [],
      },
      "o": "800354",
      "platform": "13",
      "productClass": "S",
      "rawId": "-6062058741531589910-1903161424-13",
      "ref": undefined,
      "route": [
        {
          "name": "Mönchengladbach Hbf",
        },
        {
          "name": "Mönchengladbach-Lürrip",
        },
        {
          "name": "Korschenbroich",
        },
        {
          "name": "Kleinenbroich",
        },
        {
          "name": "Büttgen",
        },
        {
          "name": "Neuss Hbf",
        },
        {
          "name": "Neuss Am Kaiser",
        },
        {
          "name": "Neuss Rheinparkcenter",
        },
        {
          "name": "Düsseldorf-Hamm",
        },
        {
          "name": "Düsseldorf Völklinger Str.",
        },
        {
          "name": "Düsseldorf-Bilk",
        },
        {
          "name": "Düsseldorf Friedrichstadt",
        },
        {
          "additional": undefined,
          "cancelled": undefined,
          "name": "test",
        },
        {
          "name": "Düsseldorf-Flingern",
          "showVia": true,
        },
        {
          "name": "Düsseldorf-Gerresheim",
        },
        {
          "name": "Erkrath",
        },
        {
          "name": "Hochdahl",
        },
        {
          "name": "Hochdahl-Millrath",
        },
        {
          "name": "Haan-Gruiten",
        },
        {
          "name": "Wuppertal-Vohwinkel",
        },
        {
          "name": "Wuppertal-Sonnborn",
        },
        {
          "name": "Wuppertal-Zoologischer Garten",
        },
        {
          "name": "Wuppertal-Steinbeck",
        },
        {
          "name": "Wuppertal Hbf",
          "showVia": true,
        },
        {
          "name": "Wuppertal-Unterbarmen",
        },
        {
          "name": "Wuppertal-Barmen",
        },
        {
          "name": "Wuppertal-Oberbarmen",
        },
        {
          "name": "Wuppertal-Langerfeld",
        },
        {
          "name": "Schwelm West",
        },
        {
          "name": "Schwelm",
        },
        {
          "name": "Gevelsberg West",
        },
        {
          "name": "Gevelsberg-Kipp",
        },
        {
          "name": "Gevelsberg Hbf",
          "showVia": true,
        },
        {
          "name": "Gevelsberg-Knapp",
        },
        {
          "name": "Hagen-Westerbauer",
        },
        {
          "name": "Hagen-Heubing",
        },
        {
          "name": "Hagen-Wehringhausen",
        },
        {
          "name": "Hagen Hbf",
        },
      ],
      "scheduledDestination": "Hagen Hbf",
      "scheduledPlatform": "13",
      "substitute": undefined,
      "train": {
        "admin": "800354",
        "line": "8",
        "name": "S 8",
        "number": "30889",
        "type": "S",
      },
    },
  ],
  "lookbehind": [],
  "stopPlaces": [
    "test",
  ],
  "wings": {},
}
`;

exports[`withFchg arrivalWing.xml 1`] = `
{
  "departures": [
    {
      "additional": undefined,
      "arrival": {
        "hidden": false,
        "platform": "13",
        "scheduledPlatform": "13",
        "scheduledTime": 2019-03-17T12:58:00.000Z,
        "time": 2019-03-17T12:58:00.000Z,
        "transition": undefined,
        "wingIds": undefined,
      },
      "cancelled": undefined,
      "currentStopPlace": {
        "evaNumber": "test",
        "name": "test",
      },
      "departure": {
        "hidden": false,
        "platform": "13",
        "scheduledPlatform": "13",
        "scheduledTime": 2019-03-17T13:00:00.000Z,
        "time": 2019-03-17T13:00:00.000Z,
        "transition": undefined,
        "wingIds": undefined,
      },
      "destination": "Hagen Hbf",
      "id": "6062058741531589910",
      "initialDeparture": 2019-03-16T14:24:00.000Z,
      "mediumId": "6062058741531589910-1903161424",
      "messages": {
        "delay": [],
        "him": [],
        "qos": [],
      },
      "o": "800354",
      "platform": "13",
      "productClass": "S",
      "rawId": "-6062058741531589910-1903161424-13",
      "route": [
        {
          "name": "Mönchengladbach Hbf",
        },
        {
          "name": "Mönchengladbach-Lürrip",
        },
        {
          "name": "Korschenbroich",
        },
        {
          "name": "Kleinenbroich",
        },
        {
          "name": "Büttgen",
        },
        {
          "name": "Neuss Hbf",
        },
        {
          "name": "Neuss Am Kaiser",
        },
        {
          "name": "Neuss Rheinparkcenter",
        },
        {
          "name": "Düsseldorf-Hamm",
        },
        {
          "name": "Düsseldorf Völklinger Str.",
        },
        {
          "name": "Düsseldorf-Bilk",
        },
        {
          "name": "Düsseldorf Friedrichstadt",
        },
        {
          "additional": undefined,
          "cancelled": undefined,
          "name": "test",
        },
        {
          "name": "Düsseldorf-Flingern",
          "showVia": true,
        },
        {
          "name": "Düsseldorf-Gerresheim",
        },
        {
          "name": "Erkrath",
        },
        {
          "name": "Hochdahl",
        },
        {
          "name": "Hochdahl-Millrath",
        },
        {
          "name": "Haan-Gruiten",
        },
        {
          "name": "Wuppertal-Vohwinkel",
        },
        {
          "name": "Wuppertal-Sonnborn",
        },
        {
          "name": "Wuppertal-Zoologischer Garten",
        },
        {
          "name": "Wuppertal-Steinbeck",
        },
        {
          "name": "Wuppertal Hbf",
          "showVia": true,
        },
        {
          "name": "Wuppertal-Unterbarmen",
        },
        {
          "name": "Wuppertal-Barmen",
        },
        {
          "name": "Wuppertal-Oberbarmen",
        },
        {
          "name": "Wuppertal-Langerfeld",
        },
        {
          "name": "Schwelm West",
        },
        {
          "name": "Schwelm",
        },
        {
          "name": "Gevelsberg West",
        },
        {
          "name": "Gevelsberg-Kipp",
        },
        {
          "name": "Gevelsberg Hbf",
          "showVia": true,
        },
        {
          "name": "Gevelsberg-Knapp",
        },
        {
          "name": "Hagen-Westerbauer",
        },
        {
          "name": "Hagen-Heubing",
        },
        {
          "name": "Hagen-Wehringhausen",
        },
        {
          "name": "Hagen Hbf",
        },
      ],
      "scheduledDestination": "Hagen Hbf",
      "scheduledPlatform": "13",
      "substitute": undefined,
      "train": {
        "admin": "800354",
        "line": "8",
        "name": "S 8",
        "number": "30889",
        "type": "S",
      },
    },
  ],
  "lookbehind": [],
  "stopPlaces": [
    "test",
  ],
  "wings": {},
}
`;

exports[`withFchg cancelled.xml 1`] = `
{
  "departures": [
    {
      "additional": undefined,
      "arrival": {
        "cancelled": true,
        "delay": 0,
        "hidden": false,
        "platform": "13",
        "scheduledPlatform": "13",
        "scheduledTime": 2019-03-17T12:58:00.000Z,
        "time": 2019-03-17T12:58:00.000Z,
        "transition": undefined,
        "wingIds": undefined,
      },
      "cancelled": true,
      "currentStopPlace": {
        "evaNumber": "test",
        "name": "test",
      },
      "departure": {
        "cancelled": true,
        "delay": 0,
        "hidden": false,
        "platform": "13",
        "scheduledPlatform": "13",
        "scheduledTime": 2019-03-17T13:00:00.000Z,
        "time": 2019-03-17T13:00:00.000Z,
        "transition": undefined,
        "wingIds": undefined,
      },
      "destination": "Düsseldorf Friedrichstadt",
      "id": "6062058741531589910",
      "initialDeparture": 2019-03-16T14:24:00.000Z,
      "mediumId": "6062058741531589910-1903161424",
      "messages": {
        "delay": [],
        "him": [],
        "qos": [],
      },
      "o": "800354",
      "platform": "13",
      "productClass": "S",
      "rawId": "-6062058741531589910-1903161424-13",
      "ref": undefined,
      "route": [
        {
          "name": "Mönchengladbach Hbf",
        },
        {
          "name": "Mönchengladbach-Lürrip",
        },
        {
          "name": "Korschenbroich",
        },
        {
          "name": "Kleinenbroich",
        },
        {
          "name": "Büttgen",
        },
        {
          "name": "Neuss Hbf",
        },
        {
          "name": "Neuss Am Kaiser",
        },
        {
          "name": "Neuss Rheinparkcenter",
        },
        {
          "name": "Düsseldorf-Hamm",
        },
        {
          "name": "Düsseldorf Völklinger Str.",
        },
        {
          "name": "Düsseldorf-Bilk",
        },
        {
          "name": "Düsseldorf Friedrichstadt",
        },
        {
          "additional": undefined,
          "cancelled": true,
          "name": "test",
        },
        {
          "cancelled": true,
          "name": "Düsseldorf-Flingern",
        },
        {
          "cancelled": true,
          "name": "Düsseldorf-Gerresheim",
        },
        {
          "cancelled": true,
          "name": "Erkrath",
        },
        {
          "cancelled": true,
          "name": "Hochdahl",
        },
        {
          "cancelled": true,
          "name": "Hochdahl-Millrath",
        },
        {
          "cancelled": true,
          "name": "Haan-Gruiten",
        },
        {
          "cancelled": true,
          "name": "Wuppertal-Vohwinkel",
        },
        {
          "cancelled": true,
          "name": "Wuppertal-Sonnborn",
        },
        {
          "cancelled": true,
          "name": "Wuppertal-Zoologischer Garten",
        },
        {
          "cancelled": true,
          "name": "Wuppertal-Steinbeck",
        },
        {
          "cancelled": true,
          "name": "Wuppertal Hbf",
        },
        {
          "cancelled": true,
          "name": "Wuppertal-Unterbarmen",
        },
        {
          "cancelled": true,
          "name": "Wuppertal-Barmen",
        },
        {
          "cancelled": true,
          "name": "Wuppertal-Oberbarmen",
        },
        {
          "cancelled": true,
          "name": "Wuppertal-Langerfeld",
        },
        {
          "cancelled": true,
          "name": "Schwelm West",
        },
        {
          "cancelled": true,
          "name": "Schwelm",
        },
        {
          "cancelled": true,
          "name": "Gevelsberg West",
        },
        {
          "cancelled": true,
          "name": "Gevelsberg-Kipp",
        },
        {
          "cancelled": true,
          "name": "Gevelsberg Hbf",
        },
        {
          "cancelled": true,
          "name": "Gevelsberg-Knapp",
        },
        {
          "cancelled": true,
          "name": "Hagen-Westerbauer",
        },
        {
          "cancelled": true,
          "name": "Hagen-Heubing",
        },
        {
          "cancelled": true,
          "name": "Hagen-Wehringhausen",
        },
        {
          "cancelled": true,
          "name": "Hagen Hbf",
        },
      ],
      "scheduledDestination": "Hagen Hbf",
      "scheduledPlatform": "13",
      "substitute": undefined,
      "train": {
        "admin": "800354",
        "line": "8",
        "name": "S 8",
        "number": "30889",
        "type": "S",
      },
    },
  ],
  "lookbehind": [],
  "stopPlaces": [
    "test",
  ],
  "wings": {},
}
`;

exports[`withFchg departureCancelled.xml 1`] = `
{
  "departures": [
    {
      "additional": undefined,
      "arrival": {
        "hidden": false,
        "platform": "13",
        "scheduledPlatform": "13",
        "scheduledTime": 2019-03-17T12:58:00.000Z,
        "time": 2019-03-17T12:58:00.000Z,
        "transition": undefined,
        "wingIds": undefined,
      },
      "cancelled": false,
      "currentStopPlace": {
        "evaNumber": "test",
        "name": "test",
      },
      "departure": {
        "cancelled": true,
        "delay": 0,
        "hidden": false,
        "platform": "13",
        "scheduledPlatform": "13",
        "scheduledTime": 2019-03-17T13:00:00.000Z,
        "time": 2019-03-17T13:00:00.000Z,
        "transition": undefined,
        "wingIds": undefined,
      },
      "destination": "test",
      "id": "6062058741531589910",
      "initialDeparture": 2019-03-16T14:24:00.000Z,
      "mediumId": "6062058741531589910-1903161424",
      "messages": {
        "delay": [],
        "him": [],
        "qos": [],
      },
      "o": "800354",
      "platform": "13",
      "productClass": "S",
      "rawId": "-6062058741531589910-1903161424-13",
      "ref": undefined,
      "route": [
        {
          "name": "Mönchengladbach Hbf",
        },
        {
          "name": "Mönchengladbach-Lürrip",
        },
        {
          "name": "Korschenbroich",
        },
        {
          "name": "Kleinenbroich",
        },
        {
          "name": "Büttgen",
        },
        {
          "name": "Neuss Hbf",
        },
        {
          "name": "Neuss Am Kaiser",
        },
        {
          "name": "Neuss Rheinparkcenter",
        },
        {
          "name": "Düsseldorf-Hamm",
        },
        {
          "name": "Düsseldorf Völklinger Str.",
        },
        {
          "name": "Düsseldorf-Bilk",
        },
        {
          "name": "Düsseldorf Friedrichstadt",
        },
        {
          "additional": undefined,
          "cancelled": false,
          "name": "test",
        },
        {
          "cancelled": true,
          "name": "Düsseldorf-Flingern",
        },
        {
          "cancelled": true,
          "name": "Düsseldorf-Gerresheim",
        },
        {
          "cancelled": true,
          "name": "Erkrath",
        },
        {
          "cancelled": true,
          "name": "Hochdahl",
        },
        {
          "cancelled": true,
          "name": "Hochdahl-Millrath",
        },
        {
          "cancelled": true,
          "name": "Haan-Gruiten",
        },
        {
          "cancelled": true,
          "name": "Wuppertal-Vohwinkel",
        },
        {
          "cancelled": true,
          "name": "Wuppertal-Sonnborn",
        },
        {
          "cancelled": true,
          "name": "Wuppertal-Zoologischer Garten",
        },
        {
          "cancelled": true,
          "name": "Wuppertal-Steinbeck",
        },
        {
          "cancelled": true,
          "name": "Wuppertal Hbf",
        },
        {
          "cancelled": true,
          "name": "Wuppertal-Unterbarmen",
        },
        {
          "cancelled": true,
          "name": "Wuppertal-Barmen",
        },
        {
          "cancelled": true,
          "name": "Wuppertal-Oberbarmen",
        },
        {
          "cancelled": true,
          "name": "Wuppertal-Langerfeld",
        },
        {
          "cancelled": true,
          "name": "Schwelm West",
        },
        {
          "cancelled": true,
          "name": "Schwelm",
        },
        {
          "cancelled": true,
          "name": "Gevelsberg West",
        },
        {
          "cancelled": true,
          "name": "Gevelsberg-Kipp",
        },
        {
          "cancelled": true,
          "name": "Gevelsberg Hbf",
        },
        {
          "cancelled": true,
          "name": "Gevelsberg-Knapp",
        },
        {
          "cancelled": true,
          "name": "Hagen-Westerbauer",
        },
        {
          "cancelled": true,
          "name": "Hagen-Heubing",
        },
        {
          "cancelled": true,
          "name": "Hagen-Wehringhausen",
        },
        {
          "cancelled": true,
          "name": "Hagen Hbf",
        },
      ],
      "scheduledDestination": "Hagen Hbf",
      "scheduledPlatform": "13",
      "substitute": undefined,
      "train": {
        "admin": "800354",
        "line": "8",
        "name": "S 8",
        "number": "30889",
        "type": "S",
      },
    },
  ],
  "lookbehind": [],
  "stopPlaces": [
    "test",
  ],
  "wings": {},
}
`;

exports[`withFchg departureWing.xml 1`] = `
{
  "departures": [
    {
      "additional": undefined,
      "arrival": {
        "hidden": false,
        "platform": "13",
        "scheduledPlatform": "13",
        "scheduledTime": 2019-03-17T12:58:00.000Z,
        "time": 2019-03-17T12:58:00.000Z,
        "transition": undefined,
        "wingIds": undefined,
      },
      "cancelled": undefined,
      "currentStopPlace": {
        "evaNumber": "test",
        "name": "test",
      },
      "departure": {
        "hidden": false,
        "platform": "13",
        "scheduledPlatform": "13",
        "scheduledTime": 2019-03-17T13:00:00.000Z,
        "time": 2019-03-17T13:00:00.000Z,
        "transition": undefined,
        "wingIds": undefined,
      },
      "destination": "Hagen Hbf",
      "id": "6062058741531589910",
      "initialDeparture": 2019-03-16T14:24:00.000Z,
      "mediumId": "6062058741531589910-1903161424",
      "messages": {
        "delay": [],
        "him": [],
        "qos": [],
      },
      "o": "800354",
      "platform": "13",
      "productClass": "S",
      "rawId": "-6062058741531589910-1903161424-13",
      "route": [
        {
          "name": "Mönchengladbach Hbf",
        },
        {
          "name": "Mönchengladbach-Lürrip",
        },
        {
          "name": "Korschenbroich",
        },
        {
          "name": "Kleinenbroich",
        },
        {
          "name": "Büttgen",
        },
        {
          "name": "Neuss Hbf",
        },
        {
          "name": "Neuss Am Kaiser",
        },
        {
          "name": "Neuss Rheinparkcenter",
        },
        {
          "name": "Düsseldorf-Hamm",
        },
        {
          "name": "Düsseldorf Völklinger Str.",
        },
        {
          "name": "Düsseldorf-Bilk",
        },
        {
          "name": "Düsseldorf Friedrichstadt",
        },
        {
          "additional": undefined,
          "cancelled": undefined,
          "name": "test",
        },
        {
          "name": "Düsseldorf-Flingern",
          "showVia": true,
        },
        {
          "name": "Düsseldorf-Gerresheim",
        },
        {
          "name": "Erkrath",
        },
        {
          "name": "Hochdahl",
        },
        {
          "name": "Hochdahl-Millrath",
        },
        {
          "name": "Haan-Gruiten",
        },
        {
          "name": "Wuppertal-Vohwinkel",
        },
        {
          "name": "Wuppertal-Sonnborn",
        },
        {
          "name": "Wuppertal-Zoologischer Garten",
        },
        {
          "name": "Wuppertal-Steinbeck",
        },
        {
          "name": "Wuppertal Hbf",
          "showVia": true,
        },
        {
          "name": "Wuppertal-Unterbarmen",
        },
        {
          "name": "Wuppertal-Barmen",
        },
        {
          "name": "Wuppertal-Oberbarmen",
        },
        {
          "name": "Wuppertal-Langerfeld",
        },
        {
          "name": "Schwelm West",
        },
        {
          "name": "Schwelm",
        },
        {
          "name": "Gevelsberg West",
        },
        {
          "name": "Gevelsberg-Kipp",
        },
        {
          "name": "Gevelsberg Hbf",
          "showVia": true,
        },
        {
          "name": "Gevelsberg-Knapp",
        },
        {
          "name": "Hagen-Westerbauer",
        },
        {
          "name": "Hagen-Heubing",
        },
        {
          "name": "Hagen-Wehringhausen",
        },
        {
          "name": "Hagen Hbf",
        },
      ],
      "scheduledDestination": "Hagen Hbf",
      "scheduledPlatform": "13",
      "substitute": undefined,
      "train": {
        "admin": "800354",
        "line": "8",
        "name": "S 8",
        "number": "30889",
        "type": "S",
      },
    },
  ],
  "lookbehind": [],
  "stopPlaces": [
    "test",
  ],
  "wings": {},
}
`;

exports[`withFchg filteredDueToTime.xml 1`] = `
{
  "departures": [
    {
      "additional": undefined,
      "arrival": {
        "hidden": false,
        "platform": "13",
        "scheduledPlatform": "13",
        "scheduledTime": 2019-03-17T12:58:00.000Z,
        "time": 2019-03-17T12:58:00.000Z,
        "transition": undefined,
        "wingIds": undefined,
      },
      "cancelled": undefined,
      "currentStopPlace": {
        "evaNumber": "test",
        "name": "test",
      },
      "departure": {
        "hidden": false,
        "platform": "13",
        "scheduledPlatform": "13",
        "scheduledTime": 2019-03-17T13:00:00.000Z,
        "time": 2019-03-17T13:00:00.000Z,
        "transition": undefined,
        "wingIds": undefined,
      },
      "destination": "Hagen Hbf",
      "id": "6062058741531589910",
      "initialDeparture": 2019-03-16T14:24:00.000Z,
      "mediumId": "6062058741531589910-1903161424",
      "messages": {
        "delay": [],
        "him": [],
        "qos": [],
      },
      "o": "800354",
      "platform": "13",
      "productClass": "S",
      "rawId": "-6062058741531589910-1903161424-13",
      "route": [
        {
          "name": "Mönchengladbach Hbf",
        },
        {
          "name": "Mönchengladbach-Lürrip",
        },
        {
          "name": "Korschenbroich",
        },
        {
          "name": "Kleinenbroich",
        },
        {
          "name": "Büttgen",
        },
        {
          "name": "Neuss Hbf",
        },
        {
          "name": "Neuss Am Kaiser",
        },
        {
          "name": "Neuss Rheinparkcenter",
        },
        {
          "name": "Düsseldorf-Hamm",
        },
        {
          "name": "Düsseldorf Völklinger Str.",
        },
        {
          "name": "Düsseldorf-Bilk",
        },
        {
          "name": "Düsseldorf Friedrichstadt",
        },
        {
          "additional": undefined,
          "cancelled": undefined,
          "name": "test",
        },
        {
          "name": "Düsseldorf-Flingern",
          "showVia": true,
        },
        {
          "name": "Düsseldorf-Gerresheim",
        },
        {
          "name": "Erkrath",
        },
        {
          "name": "Hochdahl",
        },
        {
          "name": "Hochdahl-Millrath",
        },
        {
          "name": "Haan-Gruiten",
        },
        {
          "name": "Wuppertal-Vohwinkel",
        },
        {
          "name": "Wuppertal-Sonnborn",
        },
        {
          "name": "Wuppertal-Zoologischer Garten",
        },
        {
          "name": "Wuppertal-Steinbeck",
        },
        {
          "name": "Wuppertal Hbf",
          "showVia": true,
        },
        {
          "name": "Wuppertal-Unterbarmen",
        },
        {
          "name": "Wuppertal-Barmen",
        },
        {
          "name": "Wuppertal-Oberbarmen",
        },
        {
          "name": "Wuppertal-Langerfeld",
        },
        {
          "name": "Schwelm West",
        },
        {
          "name": "Schwelm",
        },
        {
          "name": "Gevelsberg West",
        },
        {
          "name": "Gevelsberg-Kipp",
        },
        {
          "name": "Gevelsberg Hbf",
          "showVia": true,
        },
        {
          "name": "Gevelsberg-Knapp",
        },
        {
          "name": "Hagen-Westerbauer",
        },
        {
          "name": "Hagen-Heubing",
        },
        {
          "name": "Hagen-Wehringhausen",
        },
        {
          "name": "Hagen Hbf",
        },
      ],
      "scheduledDestination": "Hagen Hbf",
      "scheduledPlatform": "13",
      "substitute": undefined,
      "train": {
        "admin": "800354",
        "line": "8",
        "name": "S 8",
        "number": "30889",
        "type": "S",
      },
    },
  ],
  "lookbehind": [],
  "stopPlaces": [
    "test",
  ],
  "wings": {},
}
`;

exports[`withFchg lookbehind.xml 1`] = `
{
  "departures": [
    {
      "additional": undefined,
      "arrival": {
        "hidden": false,
        "platform": "13",
        "scheduledPlatform": "13",
        "scheduledTime": 2019-03-17T12:58:00.000Z,
        "time": 2019-03-17T12:58:00.000Z,
        "transition": undefined,
        "wingIds": undefined,
      },
      "cancelled": undefined,
      "currentStopPlace": {
        "evaNumber": "test",
        "name": "test",
      },
      "departure": {
        "hidden": false,
        "platform": "13",
        "scheduledPlatform": "13",
        "scheduledTime": 2019-03-17T13:00:00.000Z,
        "time": 2019-03-17T13:00:00.000Z,
        "transition": undefined,
        "wingIds": undefined,
      },
      "destination": "Hagen Hbf",
      "id": "6062058741531589910",
      "initialDeparture": 2019-03-16T14:24:00.000Z,
      "mediumId": "6062058741531589910-1903161424",
      "messages": {
        "delay": [],
        "him": [],
        "qos": [],
      },
      "o": "800354",
      "platform": "13",
      "productClass": "S",
      "rawId": "-6062058741531589910-1903161424-13",
      "route": [
        {
          "name": "Mönchengladbach Hbf",
        },
        {
          "name": "Mönchengladbach-Lürrip",
        },
        {
          "name": "Korschenbroich",
        },
        {
          "name": "Kleinenbroich",
        },
        {
          "name": "Büttgen",
        },
        {
          "name": "Neuss Hbf",
        },
        {
          "name": "Neuss Am Kaiser",
        },
        {
          "name": "Neuss Rheinparkcenter",
        },
        {
          "name": "Düsseldorf-Hamm",
        },
        {
          "name": "Düsseldorf Völklinger Str.",
        },
        {
          "name": "Düsseldorf-Bilk",
        },
        {
          "name": "Düsseldorf Friedrichstadt",
        },
        {
          "additional": undefined,
          "cancelled": undefined,
          "name": "test",
        },
        {
          "name": "Düsseldorf-Flingern",
          "showVia": true,
        },
        {
          "name": "Düsseldorf-Gerresheim",
        },
        {
          "name": "Erkrath",
        },
        {
          "name": "Hochdahl",
        },
        {
          "name": "Hochdahl-Millrath",
        },
        {
          "name": "Haan-Gruiten",
        },
        {
          "name": "Wuppertal-Vohwinkel",
        },
        {
          "name": "Wuppertal-Sonnborn",
        },
        {
          "name": "Wuppertal-Zoologischer Garten",
        },
        {
          "name": "Wuppertal-Steinbeck",
        },
        {
          "name": "Wuppertal Hbf",
          "showVia": true,
        },
        {
          "name": "Wuppertal-Unterbarmen",
        },
        {
          "name": "Wuppertal-Barmen",
        },
        {
          "name": "Wuppertal-Oberbarmen",
        },
        {
          "name": "Wuppertal-Langerfeld",
        },
        {
          "name": "Schwelm West",
        },
        {
          "name": "Schwelm",
        },
        {
          "name": "Gevelsberg West",
        },
        {
          "name": "Gevelsberg-Kipp",
        },
        {
          "name": "Gevelsberg Hbf",
          "showVia": true,
        },
        {
          "name": "Gevelsberg-Knapp",
        },
        {
          "name": "Hagen-Westerbauer",
        },
        {
          "name": "Hagen-Heubing",
        },
        {
          "name": "Hagen-Wehringhausen",
        },
        {
          "name": "Hagen Hbf",
        },
      ],
      "scheduledDestination": "Hagen Hbf",
      "scheduledPlatform": "13",
      "substitute": undefined,
      "train": {
        "admin": "800354",
        "line": "8",
        "name": "S 8",
        "number": "30889",
        "type": "S",
      },
    },
  ],
  "lookbehind": [],
  "stopPlaces": [
    "test",
  ],
  "wings": {},
}
`;

exports[`withFchg multipleWings.xml 1`] = `
{
  "departures": [
    {
      "additional": undefined,
      "arrival": {
        "hidden": false,
        "platform": "13",
        "scheduledPlatform": "13",
        "scheduledTime": 2019-03-17T12:58:00.000Z,
        "time": 2019-03-17T12:58:00.000Z,
        "transition": undefined,
        "wingIds": undefined,
      },
      "cancelled": undefined,
      "currentStopPlace": {
        "evaNumber": "test",
        "name": "test",
      },
      "departure": {
        "hidden": false,
        "platform": "13",
        "scheduledPlatform": "13",
        "scheduledTime": 2019-03-17T13:00:00.000Z,
        "time": 2019-03-17T13:00:00.000Z,
        "transition": undefined,
        "wingIds": undefined,
      },
      "destination": "Hagen Hbf",
      "id": "6062058741531589910",
      "initialDeparture": 2019-03-16T14:24:00.000Z,
      "mediumId": "6062058741531589910-1903161424",
      "messages": {
        "delay": [],
        "him": [],
        "qos": [],
      },
      "o": "800354",
      "platform": "13",
      "productClass": "S",
      "rawId": "-6062058741531589910-1903161424-13",
      "route": [
        {
          "name": "Mönchengladbach Hbf",
        },
        {
          "name": "Mönchengladbach-Lürrip",
        },
        {
          "name": "Korschenbroich",
        },
        {
          "name": "Kleinenbroich",
        },
        {
          "name": "Büttgen",
        },
        {
          "name": "Neuss Hbf",
        },
        {
          "name": "Neuss Am Kaiser",
        },
        {
          "name": "Neuss Rheinparkcenter",
        },
        {
          "name": "Düsseldorf-Hamm",
        },
        {
          "name": "Düsseldorf Völklinger Str.",
        },
        {
          "name": "Düsseldorf-Bilk",
        },
        {
          "name": "Düsseldorf Friedrichstadt",
        },
        {
          "additional": undefined,
          "cancelled": undefined,
          "name": "test",
        },
        {
          "name": "Düsseldorf-Flingern",
          "showVia": true,
        },
        {
          "name": "Düsseldorf-Gerresheim",
        },
        {
          "name": "Erkrath",
        },
        {
          "name": "Hochdahl",
        },
        {
          "name": "Hochdahl-Millrath",
        },
        {
          "name": "Haan-Gruiten",
        },
        {
          "name": "Wuppertal-Vohwinkel",
        },
        {
          "name": "Wuppertal-Sonnborn",
        },
        {
          "name": "Wuppertal-Zoologischer Garten",
        },
        {
          "name": "Wuppertal-Steinbeck",
        },
        {
          "name": "Wuppertal Hbf",
          "showVia": true,
        },
        {
          "name": "Wuppertal-Unterbarmen",
        },
        {
          "name": "Wuppertal-Barmen",
        },
        {
          "name": "Wuppertal-Oberbarmen",
        },
        {
          "name": "Wuppertal-Langerfeld",
        },
        {
          "name": "Schwelm West",
        },
        {
          "name": "Schwelm",
        },
        {
          "name": "Gevelsberg West",
        },
        {
          "name": "Gevelsberg-Kipp",
        },
        {
          "name": "Gevelsberg Hbf",
          "showVia": true,
        },
        {
          "name": "Gevelsberg-Knapp",
        },
        {
          "name": "Hagen-Westerbauer",
        },
        {
          "name": "Hagen-Heubing",
        },
        {
          "name": "Hagen-Wehringhausen",
        },
        {
          "name": "Hagen Hbf",
        },
      ],
      "scheduledDestination": "Hagen Hbf",
      "scheduledPlatform": "13",
      "substitute": undefined,
      "train": {
        "admin": "800354",
        "line": "8",
        "name": "S 8",
        "number": "30889",
        "type": "S",
      },
    },
  ],
  "lookbehind": [],
  "stopPlaces": [
    "test",
  ],
  "wings": {},
}
`;

exports[`withFchg onlyArrival.xml 1`] = `
{
  "departures": [
    {
      "additional": undefined,
      "arrival": {
        "hidden": false,
        "platform": "13",
        "scheduledPlatform": "13",
        "scheduledTime": 2019-03-17T12:58:00.000Z,
        "time": 2019-03-17T12:58:00.000Z,
        "transition": undefined,
        "wingIds": undefined,
      },
      "cancelled": undefined,
      "currentStopPlace": {
        "evaNumber": "test",
        "name": "test",
      },
      "departure": {
        "hidden": false,
        "platform": "13",
        "scheduledPlatform": "13",
        "scheduledTime": 2019-03-17T13:00:00.000Z,
        "time": 2019-03-17T13:00:00.000Z,
        "transition": undefined,
        "wingIds": undefined,
      },
      "destination": "Hagen Hbf",
      "id": "6062058741531589910",
      "initialDeparture": 2019-03-16T14:24:00.000Z,
      "mediumId": "6062058741531589910-1903161424",
      "messages": {
        "delay": [],
        "him": [],
        "qos": [],
      },
      "o": "800354",
      "platform": "13",
      "productClass": "S",
      "rawId": "-6062058741531589910-1903161424-13",
      "route": [
        {
          "name": "Mönchengladbach Hbf",
        },
        {
          "name": "Mönchengladbach-Lürrip",
        },
        {
          "name": "Korschenbroich",
        },
        {
          "name": "Kleinenbroich",
        },
        {
          "name": "Büttgen",
        },
        {
          "name": "Neuss Hbf",
        },
        {
          "name": "Neuss Am Kaiser",
        },
        {
          "name": "Neuss Rheinparkcenter",
        },
        {
          "name": "Düsseldorf-Hamm",
        },
        {
          "name": "Düsseldorf Völklinger Str.",
        },
        {
          "name": "Düsseldorf-Bilk",
        },
        {
          "name": "Düsseldorf Friedrichstadt",
        },
        {
          "additional": undefined,
          "cancelled": undefined,
          "name": "test",
        },
        {
          "name": "Düsseldorf-Flingern",
          "showVia": true,
        },
        {
          "name": "Düsseldorf-Gerresheim",
        },
        {
          "name": "Erkrath",
        },
        {
          "name": "Hochdahl",
        },
        {
          "name": "Hochdahl-Millrath",
        },
        {
          "name": "Haan-Gruiten",
        },
        {
          "name": "Wuppertal-Vohwinkel",
        },
        {
          "name": "Wuppertal-Sonnborn",
        },
        {
          "name": "Wuppertal-Zoologischer Garten",
        },
        {
          "name": "Wuppertal-Steinbeck",
        },
        {
          "name": "Wuppertal Hbf",
          "showVia": true,
        },
        {
          "name": "Wuppertal-Unterbarmen",
        },
        {
          "name": "Wuppertal-Barmen",
        },
        {
          "name": "Wuppertal-Oberbarmen",
        },
        {
          "name": "Wuppertal-Langerfeld",
        },
        {
          "name": "Schwelm West",
        },
        {
          "name": "Schwelm",
        },
        {
          "name": "Gevelsberg West",
        },
        {
          "name": "Gevelsberg-Kipp",
        },
        {
          "name": "Gevelsberg Hbf",
          "showVia": true,
        },
        {
          "name": "Gevelsberg-Knapp",
        },
        {
          "name": "Hagen-Westerbauer",
        },
        {
          "name": "Hagen-Heubing",
        },
        {
          "name": "Hagen-Wehringhausen",
        },
        {
          "name": "Hagen Hbf",
        },
      ],
      "scheduledDestination": "Hagen Hbf",
      "scheduledPlatform": "13",
      "substitute": undefined,
      "train": {
        "admin": "800354",
        "line": "8",
        "name": "S 8",
        "number": "30889",
        "type": "S",
      },
    },
  ],
  "lookbehind": [],
  "stopPlaces": [
    "test",
  ],
  "wings": {},
}
`;

exports[`withFchg onlyDeparture.xml 1`] = `
{
  "departures": [
    {
      "additional": undefined,
      "arrival": {
        "hidden": false,
        "platform": "13",
        "scheduledPlatform": "13",
        "scheduledTime": 2019-03-17T12:58:00.000Z,
        "time": 2019-03-17T12:58:00.000Z,
        "transition": undefined,
        "wingIds": undefined,
      },
      "cancelled": undefined,
      "currentStopPlace": {
        "evaNumber": "test",
        "name": "test",
      },
      "departure": {
        "hidden": false,
        "platform": "13",
        "scheduledPlatform": "13",
        "scheduledTime": 2019-03-17T13:00:00.000Z,
        "time": 2019-03-17T13:00:00.000Z,
        "transition": undefined,
        "wingIds": undefined,
      },
      "destination": "Hagen Hbf",
      "id": "6062058741531589910",
      "initialDeparture": 2019-03-16T14:24:00.000Z,
      "mediumId": "6062058741531589910-1903161424",
      "messages": {
        "delay": [],
        "him": [],
        "qos": [],
      },
      "o": "800354",
      "platform": "13",
      "productClass": "S",
      "rawId": "-6062058741531589910-1903161424-13",
      "route": [
        {
          "name": "Mönchengladbach Hbf",
        },
        {
          "name": "Mönchengladbach-Lürrip",
        },
        {
          "name": "Korschenbroich",
        },
        {
          "name": "Kleinenbroich",
        },
        {
          "name": "Büttgen",
        },
        {
          "name": "Neuss Hbf",
        },
        {
          "name": "Neuss Am Kaiser",
        },
        {
          "name": "Neuss Rheinparkcenter",
        },
        {
          "name": "Düsseldorf-Hamm",
        },
        {
          "name": "Düsseldorf Völklinger Str.",
        },
        {
          "name": "Düsseldorf-Bilk",
        },
        {
          "name": "Düsseldorf Friedrichstadt",
        },
        {
          "additional": undefined,
          "cancelled": undefined,
          "name": "test",
        },
        {
          "name": "Düsseldorf-Flingern",
          "showVia": true,
        },
        {
          "name": "Düsseldorf-Gerresheim",
        },
        {
          "name": "Erkrath",
        },
        {
          "name": "Hochdahl",
        },
        {
          "name": "Hochdahl-Millrath",
        },
        {
          "name": "Haan-Gruiten",
        },
        {
          "name": "Wuppertal-Vohwinkel",
        },
        {
          "name": "Wuppertal-Sonnborn",
        },
        {
          "name": "Wuppertal-Zoologischer Garten",
        },
        {
          "name": "Wuppertal-Steinbeck",
        },
        {
          "name": "Wuppertal Hbf",
          "showVia": true,
        },
        {
          "name": "Wuppertal-Unterbarmen",
        },
        {
          "name": "Wuppertal-Barmen",
        },
        {
          "name": "Wuppertal-Oberbarmen",
        },
        {
          "name": "Wuppertal-Langerfeld",
        },
        {
          "name": "Schwelm West",
        },
        {
          "name": "Schwelm",
        },
        {
          "name": "Gevelsberg West",
        },
        {
          "name": "Gevelsberg-Kipp",
        },
        {
          "name": "Gevelsberg Hbf",
          "showVia": true,
        },
        {
          "name": "Gevelsberg-Knapp",
        },
        {
          "name": "Hagen-Westerbauer",
        },
        {
          "name": "Hagen-Heubing",
        },
        {
          "name": "Hagen-Wehringhausen",
        },
        {
          "name": "Hagen Hbf",
        },
      ],
      "scheduledDestination": "Hagen Hbf",
      "scheduledPlatform": "13",
      "substitute": undefined,
      "train": {
        "admin": "800354",
        "line": "8",
        "name": "S 8",
        "number": "30889",
        "type": "S",
      },
    },
  ],
  "lookbehind": [],
  "stopPlaces": [
    "test",
  ],
  "wings": {},
}
`;

exports[`withFchg simple1.xml 1`] = `
{
  "departures": [
    {
      "additional": undefined,
      "arrival": {
        "hidden": false,
        "platform": "13",
        "scheduledPlatform": "13",
        "scheduledTime": 2019-03-17T12:58:00.000Z,
        "time": 2019-03-17T12:58:00.000Z,
        "transition": undefined,
        "wingIds": undefined,
      },
      "cancelled": undefined,
      "currentStopPlace": {
        "evaNumber": "test",
        "name": "test",
      },
      "departure": {
        "hidden": false,
        "platform": "13",
        "scheduledPlatform": "13",
        "scheduledTime": 2019-03-17T13:00:00.000Z,
        "time": 2019-03-17T13:00:00.000Z,
        "transition": undefined,
        "wingIds": undefined,
      },
      "destination": "Hagen Hbf",
      "id": "6062058741531589910",
      "initialDeparture": 2019-03-16T14:24:00.000Z,
      "mediumId": "6062058741531589910-1903161424",
      "messages": {
        "delay": [],
        "him": [],
        "qos": [],
      },
      "o": "800354",
      "platform": "13",
      "productClass": "S",
      "rawId": "-6062058741531589910-1903161424-13",
      "route": [
        {
          "name": "Mönchengladbach Hbf",
        },
        {
          "name": "Mönchengladbach-Lürrip",
        },
        {
          "name": "Korschenbroich",
        },
        {
          "name": "Kleinenbroich",
        },
        {
          "name": "Büttgen",
        },
        {
          "name": "Neuss Hbf",
        },
        {
          "name": "Neuss Am Kaiser",
        },
        {
          "name": "Neuss Rheinparkcenter",
        },
        {
          "name": "Düsseldorf-Hamm",
        },
        {
          "name": "Düsseldorf Völklinger Str.",
        },
        {
          "name": "Düsseldorf-Bilk",
        },
        {
          "name": "Düsseldorf Friedrichstadt",
        },
        {
          "additional": undefined,
          "cancelled": undefined,
          "name": "test",
        },
        {
          "name": "Düsseldorf-Flingern",
          "showVia": true,
        },
        {
          "name": "Düsseldorf-Gerresheim",
        },
        {
          "name": "Erkrath",
        },
        {
          "name": "Hochdahl",
        },
        {
          "name": "Hochdahl-Millrath",
        },
        {
          "name": "Haan-Gruiten",
        },
        {
          "name": "Wuppertal-Vohwinkel",
        },
        {
          "name": "Wuppertal-Sonnborn",
        },
        {
          "name": "Wuppertal-Zoologischer Garten",
        },
        {
          "name": "Wuppertal-Steinbeck",
        },
        {
          "name": "Wuppertal Hbf",
          "showVia": true,
        },
        {
          "name": "Wuppertal-Unterbarmen",
        },
        {
          "name": "Wuppertal-Barmen",
        },
        {
          "name": "Wuppertal-Oberbarmen",
        },
        {
          "name": "Wuppertal-Langerfeld",
        },
        {
          "name": "Schwelm West",
        },
        {
          "name": "Schwelm",
        },
        {
          "name": "Gevelsberg West",
        },
        {
          "name": "Gevelsberg-Kipp",
        },
        {
          "name": "Gevelsberg Hbf",
          "showVia": true,
        },
        {
          "name": "Gevelsberg-Knapp",
        },
        {
          "name": "Hagen-Westerbauer",
        },
        {
          "name": "Hagen-Heubing",
        },
        {
          "name": "Hagen-Wehringhausen",
        },
        {
          "name": "Hagen Hbf",
        },
      ],
      "scheduledDestination": "Hagen Hbf",
      "scheduledPlatform": "13",
      "substitute": undefined,
      "train": {
        "admin": "800354",
        "line": "8",
        "name": "S 8",
        "number": "30889",
        "type": "S",
      },
    },
  ],
  "lookbehind": [],
  "stopPlaces": [
    "test",
  ],
  "wings": {},
}
`;

exports[`withFchg simple2.xml 1`] = `
{
  "departures": [
    {
      "additional": undefined,
      "arrival": {
        "hidden": false,
        "platform": "13",
        "scheduledPlatform": "13",
        "scheduledTime": 2019-03-17T12:58:00.000Z,
        "time": 2019-03-17T12:58:00.000Z,
        "transition": undefined,
        "wingIds": undefined,
      },
      "cancelled": undefined,
      "currentStopPlace": {
        "evaNumber": "test",
        "name": "test",
      },
      "departure": {
        "hidden": false,
        "platform": "13",
        "scheduledPlatform": "13",
        "scheduledTime": 2019-03-17T13:00:00.000Z,
        "time": 2019-03-17T13:00:00.000Z,
        "transition": undefined,
        "wingIds": undefined,
      },
      "destination": "Hagen Hbf",
      "id": "6062058741531589910",
      "initialDeparture": 2019-03-16T14:24:00.000Z,
      "mediumId": "6062058741531589910-1903161424",
      "messages": {
        "delay": [],
        "him": [],
        "qos": [],
      },
      "o": "800354",
      "platform": "13",
      "productClass": "S",
      "rawId": "-6062058741531589910-1903161424-13",
      "route": [
        {
          "name": "Mönchengladbach Hbf",
        },
        {
          "name": "Mönchengladbach-Lürrip",
        },
        {
          "name": "Korschenbroich",
        },
        {
          "name": "Kleinenbroich",
        },
        {
          "name": "Büttgen",
        },
        {
          "name": "Neuss Hbf",
        },
        {
          "name": "Neuss Am Kaiser",
        },
        {
          "name": "Neuss Rheinparkcenter",
        },
        {
          "name": "Düsseldorf-Hamm",
        },
        {
          "name": "Düsseldorf Völklinger Str.",
        },
        {
          "name": "Düsseldorf-Bilk",
        },
        {
          "name": "Düsseldorf Friedrichstadt",
        },
        {
          "additional": undefined,
          "cancelled": undefined,
          "name": "test",
        },
        {
          "name": "Düsseldorf-Flingern",
          "showVia": true,
        },
        {
          "name": "Düsseldorf-Gerresheim",
        },
        {
          "name": "Erkrath",
        },
        {
          "name": "Hochdahl",
        },
        {
          "name": "Hochdahl-Millrath",
        },
        {
          "name": "Haan-Gruiten",
        },
        {
          "name": "Wuppertal-Vohwinkel",
        },
        {
          "name": "Wuppertal-Sonnborn",
        },
        {
          "name": "Wuppertal-Zoologischer Garten",
        },
        {
          "name": "Wuppertal-Steinbeck",
        },
        {
          "name": "Wuppertal Hbf",
          "showVia": true,
        },
        {
          "name": "Wuppertal-Unterbarmen",
        },
        {
          "name": "Wuppertal-Barmen",
        },
        {
          "name": "Wuppertal-Oberbarmen",
        },
        {
          "name": "Wuppertal-Langerfeld",
        },
        {
          "name": "Schwelm West",
        },
        {
          "name": "Schwelm",
        },
        {
          "name": "Gevelsberg West",
        },
        {
          "name": "Gevelsberg-Kipp",
        },
        {
          "name": "Gevelsberg Hbf",
          "showVia": true,
        },
        {
          "name": "Gevelsberg-Knapp",
        },
        {
          "name": "Hagen-Westerbauer",
        },
        {
          "name": "Hagen-Heubing",
        },
        {
          "name": "Hagen-Wehringhausen",
        },
        {
          "name": "Hagen Hbf",
        },
      ],
      "scheduledDestination": "Hagen Hbf",
      "scheduledPlatform": "13",
      "substitute": undefined,
      "train": {
        "admin": "800354",
        "line": "8",
        "name": "S 8",
        "number": "30889",
        "type": "S",
      },
    },
  ],
  "lookbehind": [],
  "stopPlaces": [
    "test",
  ],
  "wings": {},
}
`;

exports[`withFchg visibleDueToDelay.xml 1`] = `
{
  "departures": [
    {
      "additional": undefined,
      "arrival": {
        "cancelled": false,
        "delay": 120,
        "hidden": false,
        "platform": "13",
        "scheduledPlatform": "13",
        "scheduledTime": 2019-03-17T10:58:00.000Z,
        "time": 2019-03-17T12:58:00.000Z,
        "transition": undefined,
        "wingIds": undefined,
      },
      "cancelled": false,
      "currentStopPlace": {
        "evaNumber": "test",
        "name": "test",
      },
      "departure": {
        "cancelled": false,
        "delay": -1,
        "hidden": false,
        "platform": "13",
        "scheduledPlatform": "13",
        "scheduledTime": 2019-03-17T13:00:00.000Z,
        "time": 2019-03-17T12:59:00.000Z,
        "transition": undefined,
        "wingIds": undefined,
      },
      "destination": "Hagen Hbf",
      "id": "6062058741531589910",
      "initialDeparture": 2019-03-16T14:24:00.000Z,
      "mediumId": "6062058741531589910-1903161424",
      "messages": {
        "delay": [],
        "him": [],
        "qos": [],
      },
      "o": "800354",
      "platform": "13",
      "productClass": "S",
      "rawId": "-6062058741531589910-1903161424-13",
      "ref": undefined,
      "route": [
        {
          "name": "Mönchengladbach Hbf",
        },
        {
          "name": "Mönchengladbach-Lürrip",
        },
        {
          "name": "Korschenbroich",
        },
        {
          "name": "Kleinenbroich",
        },
        {
          "name": "Büttgen",
        },
        {
          "name": "Neuss Hbf",
        },
        {
          "name": "Neuss Am Kaiser",
        },
        {
          "name": "Neuss Rheinparkcenter",
        },
        {
          "name": "Düsseldorf-Hamm",
        },
        {
          "name": "Düsseldorf Völklinger Str.",
        },
        {
          "name": "Düsseldorf-Bilk",
        },
        {
          "name": "Düsseldorf Friedrichstadt",
        },
        {
          "additional": undefined,
          "cancelled": false,
          "name": "test",
        },
        {
          "name": "Düsseldorf-Flingern",
          "showVia": true,
        },
        {
          "name": "Düsseldorf-Gerresheim",
        },
        {
          "name": "Erkrath",
        },
        {
          "name": "Hochdahl",
        },
        {
          "name": "Hochdahl-Millrath",
        },
        {
          "name": "Haan-Gruiten",
        },
        {
          "name": "Wuppertal-Vohwinkel",
        },
        {
          "name": "Wuppertal-Sonnborn",
        },
        {
          "name": "Wuppertal-Zoologischer Garten",
        },
        {
          "name": "Wuppertal-Steinbeck",
        },
        {
          "name": "Wuppertal Hbf",
          "showVia": true,
        },
        {
          "name": "Wuppertal-Unterbarmen",
        },
        {
          "name": "Wuppertal-Barmen",
        },
        {
          "name": "Wuppertal-Oberbarmen",
        },
        {
          "name": "Wuppertal-Langerfeld",
        },
        {
          "name": "Schwelm West",
        },
        {
          "name": "Schwelm",
        },
        {
          "name": "Gevelsberg West",
        },
        {
          "name": "Gevelsberg-Kipp",
        },
        {
          "name": "Gevelsberg Hbf",
          "showVia": true,
        },
        {
          "name": "Gevelsberg-Knapp",
        },
        {
          "name": "Hagen-Westerbauer",
        },
        {
          "name": "Hagen-Heubing",
        },
        {
          "name": "Hagen-Wehringhausen",
        },
        {
          "name": "Hagen Hbf",
        },
      ],
      "scheduledDestination": "Hagen Hbf",
      "scheduledPlatform": "13",
      "substitute": undefined,
      "train": {
        "admin": "800354",
        "line": "8",
        "name": "S 8",
        "number": "30889",
        "type": "S",
      },
    },
  ],
  "lookbehind": [],
  "stopPlaces": [
    "test",
  ],
  "wings": {},
}
`;

exports[`withFchg wings.xml 1`] = `
{
  "departures": [
    {
      "additional": undefined,
      "arrival": {
        "hidden": false,
        "platform": "13",
        "scheduledPlatform": "13",
        "scheduledTime": 2019-03-17T12:58:00.000Z,
        "time": 2019-03-17T12:58:00.000Z,
        "transition": undefined,
        "wingIds": undefined,
      },
      "cancelled": undefined,
      "currentStopPlace": {
        "evaNumber": "test",
        "name": "test",
      },
      "departure": {
        "hidden": false,
        "platform": "13",
        "scheduledPlatform": "13",
        "scheduledTime": 2019-03-17T13:00:00.000Z,
        "time": 2019-03-17T13:00:00.000Z,
        "transition": undefined,
        "wingIds": undefined,
      },
      "destination": "Hagen Hbf",
      "id": "6062058741531589910",
      "initialDeparture": 2019-03-16T14:24:00.000Z,
      "mediumId": "6062058741531589910-1903161424",
      "messages": {
        "delay": [],
        "him": [],
        "qos": [],
      },
      "o": "800354",
      "platform": "13",
      "productClass": "S",
      "rawId": "-6062058741531589910-1903161424-13",
      "route": [
        {
          "name": "Mönchengladbach Hbf",
        },
        {
          "name": "Mönchengladbach-Lürrip",
        },
        {
          "name": "Korschenbroich",
        },
        {
          "name": "Kleinenbroich",
        },
        {
          "name": "Büttgen",
        },
        {
          "name": "Neuss Hbf",
        },
        {
          "name": "Neuss Am Kaiser",
        },
        {
          "name": "Neuss Rheinparkcenter",
        },
        {
          "name": "Düsseldorf-Hamm",
        },
        {
          "name": "Düsseldorf Völklinger Str.",
        },
        {
          "name": "Düsseldorf-Bilk",
        },
        {
          "name": "Düsseldorf Friedrichstadt",
        },
        {
          "additional": undefined,
          "cancelled": undefined,
          "name": "test",
        },
        {
          "name": "Düsseldorf-Flingern",
          "showVia": true,
        },
        {
          "name": "Düsseldorf-Gerresheim",
        },
        {
          "name": "Erkrath",
        },
        {
          "name": "Hochdahl",
        },
        {
          "name": "Hochdahl-Millrath",
        },
        {
          "name": "Haan-Gruiten",
        },
        {
          "name": "Wuppertal-Vohwinkel",
        },
        {
          "name": "Wuppertal-Sonnborn",
        },
        {
          "name": "Wuppertal-Zoologischer Garten",
        },
        {
          "name": "Wuppertal-Steinbeck",
        },
        {
          "name": "Wuppertal Hbf",
          "showVia": true,
        },
        {
          "name": "Wuppertal-Unterbarmen",
        },
        {
          "name": "Wuppertal-Barmen",
        },
        {
          "name": "Wuppertal-Oberbarmen",
        },
        {
          "name": "Wuppertal-Langerfeld",
        },
        {
          "name": "Schwelm West",
        },
        {
          "name": "Schwelm",
        },
        {
          "name": "Gevelsberg West",
        },
        {
          "name": "Gevelsberg-Kipp",
        },
        {
          "name": "Gevelsberg Hbf",
          "showVia": true,
        },
        {
          "name": "Gevelsberg-Knapp",
        },
        {
          "name": "Hagen-Westerbauer",
        },
        {
          "name": "Hagen-Heubing",
        },
        {
          "name": "Hagen-Wehringhausen",
        },
        {
          "name": "Hagen Hbf",
        },
      ],
      "scheduledDestination": "Hagen Hbf",
      "scheduledPlatform": "13",
      "substitute": undefined,
      "train": {
        "admin": "800354",
        "line": "8",
        "name": "S 8",
        "number": "30889",
        "type": "S",
      },
    },
  ],
  "lookbehind": [],
  "stopPlaces": [
    "test",
  ],
  "wings": {},
}
`;
