// Jest Snapshot v1, https://goo.gl/fbAQLP

exports[`Hafas V2 /journeyDetails Parses JourneyDetails result 1`] = `
Object {
  "firstStop": Object {
    "departure": Object {
      "platform": "5",
      "scheduledTime": "2019-12-10T21:07:00.000Z",
      "time": "2019-12-10T21:07:00.000Z",
    },
    "station": Object {
      "coordinates": Object {
        "lat": 48.948044,
        "lng": 9.137499,
      },
      "id": "8000038",
      "title": "Bietigheim-Bissingen",
    },
  },
  "jid": "1|295600|0|80|10122019",
  "lastStop": Object {
    "arrival": Object {
      "platform": "1",
      "scheduledTime": "2019-12-10T21:38:00.000Z",
      "time": "2019-12-10T21:38:00.000Z",
    },
    "station": Object {
      "coordinates": Object {
        "lat": 48.770193,
        "lng": 9.156574,
      },
      "id": "8006698",
      "title": "Stuttgart Schwabstr.",
    },
  },
  "messages": Array [
    Object {
      "code": "FB",
      "icoX": 5,
      "prio": 260,
      "txtN": "Fahrradmitnahme begrenzt möglich",
      "type": "A",
    },
    Object {
      "code": "ZB",
      "icoX": 6,
      "prio": 560,
      "txtN": "Fahrzeuggebundene Einstiegshilfe am Zuganfang",
      "type": "A",
    },
  ],
  "stops": Array [
    Object {
      "departure": Object {
        "platform": "5",
        "scheduledTime": "2019-12-10T21:07:00.000Z",
        "time": "2019-12-10T21:07:00.000Z",
      },
      "station": Object {
        "coordinates": Object {
          "lat": 48.948044,
          "lng": 9.137499,
        },
        "id": "8000038",
        "title": "Bietigheim-Bissingen",
      },
    },
    Object {
      "arrival": Object {
        "platform": "2",
        "scheduledTime": "2019-12-10T21:10:00.000Z",
        "time": "2019-12-10T21:10:00.000Z",
      },
      "departure": Object {
        "platform": "2",
        "scheduledTime": "2019-12-10T21:10:00.000Z",
        "time": "2019-12-10T21:10:00.000Z",
      },
      "station": Object {
        "coordinates": Object {
          "lat": 48.921679,
          "lng": 9.12575,
        },
        "id": "8005820",
        "title": "Tamm(Württ)",
      },
    },
    Object {
      "arrival": Object {
        "platform": "3",
        "scheduledTime": "2019-12-10T21:12:00.000Z",
        "time": "2019-12-10T21:12:00.000Z",
      },
      "departure": Object {
        "platform": "3",
        "scheduledTime": "2019-12-10T21:13:00.000Z",
        "time": "2019-12-10T21:13:00.000Z",
      },
      "station": Object {
        "coordinates": Object {
          "lat": 48.907431,
          "lng": 9.147801,
        },
        "id": "8000630",
        "title": "Asperg",
      },
    },
    Object {
      "arrival": Object {
        "platform": "3",
        "scheduledTime": "2019-12-10T21:16:00.000Z",
        "time": "2019-12-10T21:16:00.000Z",
      },
      "departure": Object {
        "platform": "3",
        "scheduledTime": "2019-12-10T21:16:00.000Z",
        "time": "2019-12-10T21:16:00.000Z",
      },
      "station": Object {
        "coordinates": Object {
          "lat": 48.892374,
          "lng": 9.185115,
        },
        "id": "8000235",
        "title": "Ludwigsburg",
      },
    },
    Object {
      "arrival": Object {
        "platform": "3",
        "scheduledTime": "2019-12-10T21:19:00.000Z",
        "time": "2019-12-10T21:19:00.000Z",
      },
      "departure": Object {
        "platform": "3",
        "scheduledTime": "2019-12-10T21:20:00.000Z",
        "time": "2019-12-10T21:20:00.000Z",
      },
      "station": Object {
        "coordinates": Object {
          "lat": 48.862224,
          "lng": 9.179955,
        },
        "id": "8003411",
        "title": "Kornwestheim Pbf",
      },
    },
    Object {
      "arrival": Object {
        "platform": "2",
        "scheduledTime": "2019-12-10T21:23:00.000Z",
        "time": "2019-12-10T21:23:00.000Z",
      },
      "departure": Object {
        "platform": "2",
        "scheduledTime": "2019-12-10T21:24:00.000Z",
        "time": "2019-12-10T21:24:00.000Z",
      },
      "station": Object {
        "coordinates": Object {
          "lat": 48.829647,
          "lng": 9.166669,
        },
        "id": "8005778",
        "title": "Stuttgart-Zuffenhausen",
      },
    },
    Object {
      "arrival": Object {
        "platform": "1",
        "scheduledTime": "2019-12-10T21:26:00.000Z",
        "time": "2019-12-10T21:26:00.000Z",
      },
      "departure": Object {
        "platform": "1",
        "scheduledTime": "2019-12-10T21:26:00.000Z",
        "time": "2019-12-10T21:26:00.000Z",
      },
      "station": Object {
        "coordinates": Object {
          "lat": 48.813674,
          "lng": 9.169411,
        },
        "id": "8005770",
        "title": "Stuttgart-Feuerbach",
      },
    },
    Object {
      "arrival": Object {
        "platform": "4",
        "scheduledTime": "2019-12-10T21:28:00.000Z",
        "time": "2019-12-10T21:28:00.000Z",
      },
      "departure": Object {
        "platform": "4",
        "scheduledTime": "2019-12-10T21:29:00.000Z",
        "time": "2019-12-10T21:29:00.000Z",
      },
      "station": Object {
        "coordinates": Object {
          "lat": 48.803399,
          "lng": 9.189331,
        },
        "id": "8005767",
        "title": "Stuttgart Nord",
      },
    },
    Object {
      "arrival": Object {
        "platform": "101",
        "scheduledTime": "2019-12-10T21:32:00.000Z",
        "time": "2019-12-10T21:32:00.000Z",
      },
      "departure": Object {
        "platform": "101",
        "scheduledTime": "2019-12-10T21:33:00.000Z",
        "time": "2019-12-10T21:33:00.000Z",
      },
      "station": Object {
        "coordinates": Object {
          "lat": 48.783002,
          "lng": 9.179811,
        },
        "id": "8098096",
        "title": "Stuttgart Hbf (tief)",
      },
    },
    Object {
      "arrival": Object {
        "platform": "1",
        "scheduledTime": "2019-12-10T21:34:00.000Z",
        "time": "2019-12-10T21:34:00.000Z",
      },
      "departure": Object {
        "platform": "1",
        "scheduledTime": "2019-12-10T21:35:00.000Z",
        "time": "2019-12-10T21:35:00.000Z",
      },
      "station": Object {
        "coordinates": Object {
          "lat": 48.77635,
          "lng": 9.172881,
        },
        "id": "8006700",
        "title": "Stuttgart Stadtmitte",
      },
    },
    Object {
      "arrival": Object {
        "platform": "1",
        "scheduledTime": "2019-12-10T21:36:00.000Z",
        "time": "2019-12-10T21:36:00.000Z",
      },
      "departure": Object {
        "platform": "1",
        "scheduledTime": "2019-12-10T21:36:00.000Z",
        "time": "2019-12-10T21:36:00.000Z",
      },
      "station": Object {
        "coordinates": Object {
          "lat": 48.772647,
          "lng": 9.165743,
        },
        "id": "8006699",
        "title": "Stuttgart Feuersee",
      },
    },
    Object {
      "arrival": Object {
        "platform": "1",
        "scheduledTime": "2019-12-10T21:38:00.000Z",
        "time": "2019-12-10T21:38:00.000Z",
      },
      "station": Object {
        "coordinates": Object {
          "lat": 48.770193,
          "lng": 9.156574,
        },
        "id": "8006698",
        "title": "Stuttgart Schwabstr.",
      },
    },
  ],
  "train": Object {
    "admin": "800643",
    "line": "5",
    "name": "S 5",
    "number": "7567",
    "operator": Object {
      "icoX": 1,
      "name": "DB Regio AG S-Bahn Stuttgart",
    },
    "type": "S",
  },
}
`;
