// Jest Snapshot v1, https://goo.gl/fbAQLP

exports[`onlyPlan arrivalCancelled.xml 1`] = `
Object {
  "departures": Array [
    Object {
      "arrival": 1552827480000,
      "arrivalIsCancelled": true,
      "arrivalWingIds": undefined,
      "auslastung": false,
      "currentStation": "test",
      "currentStationEva": "test",
      "delayArrival": 0,
      "departure": 1552827600000,
      "departureWingIds": undefined,
      "destination": "Hagen Hbf",
      "hiddenArrival": undefined,
      "hiddenDeparture": undefined,
      "id": "6062058741531589910",
      "isCancelled": undefined,
      "lineNumber": "8",
      "longDistance": false,
      "mediumId": "6062058741531589910-1903161424",
      "messages": Object {
        "delay": Array [],
        "qos": Array [],
      },
      "o": "800354",
      "platform": "13",
      "productClass": "S",
      "rawId": "-6062058741531589910-1903161424-13",
      "ref": undefined,
      "reihung": false,
      "route": Array [
        Object {
          "name": "Mönchengladbach Hbf",
        },
        Object {
          "name": "Mönchengladbach-Lürrip",
        },
        Object {
          "name": "Korschenbroich",
        },
        Object {
          "name": "Kleinenbroich",
        },
        Object {
          "name": "Büttgen",
        },
        Object {
          "name": "Neuss Hbf",
        },
        Object {
          "name": "Neuss Am Kaiser",
        },
        Object {
          "name": "Neuss Rheinparkcenter",
        },
        Object {
          "name": "Düsseldorf-Hamm",
        },
        Object {
          "name": "Düsseldorf Völklinger Str.",
        },
        Object {
          "name": "Düsseldorf-Bilk",
        },
        Object {
          "name": "Düsseldorf Friedrichstadt",
        },
        Object {
          "isCancelled": undefined,
          "name": "test",
        },
        Object {
          "name": "Düsseldorf-Flingern",
        },
        Object {
          "name": "Düsseldorf-Gerresheim",
        },
        Object {
          "name": "Erkrath",
        },
        Object {
          "name": "Hochdahl",
        },
        Object {
          "name": "Hochdahl-Millrath",
        },
        Object {
          "name": "Haan-Gruiten",
        },
        Object {
          "name": "Wuppertal-Vohwinkel",
        },
        Object {
          "name": "Wuppertal-Sonnborn",
        },
        Object {
          "name": "Wuppertal-Zoologischer Garten",
        },
        Object {
          "name": "Wuppertal-Steinbeck",
        },
        Object {
          "name": "Wuppertal Hbf",
        },
        Object {
          "name": "Wuppertal-Unterbarmen",
        },
        Object {
          "name": "Wuppertal-Barmen",
        },
        Object {
          "name": "Wuppertal-Oberbarmen",
        },
        Object {
          "name": "Wuppertal-Langerfeld",
        },
        Object {
          "name": "Schwelm West",
        },
        Object {
          "name": "Schwelm",
        },
        Object {
          "name": "Gevelsberg West",
        },
        Object {
          "name": "Gevelsberg-Kipp",
        },
        Object {
          "name": "Gevelsberg Hbf",
        },
        Object {
          "name": "Gevelsberg-Knapp",
        },
        Object {
          "name": "Hagen-Westerbauer",
        },
        Object {
          "name": "Hagen-Heubing",
        },
        Object {
          "name": "Hagen-Wehringhausen",
        },
        Object {
          "name": "Hagen Hbf",
        },
      ],
      "scheduledArrival": 1552827480000,
      "scheduledDeparture": 1552827600000,
      "scheduledDestination": "Hagen Hbf",
      "scheduledPlatform": "13",
      "substitute": false,
      "thirdParty": undefined,
      "train": "S 8",
      "trainId": "8",
      "trainNumber": "30889",
      "trainType": "S",
      "via": Array [
        "Düsseldorf-Flingern",
        "Wuppertal",
        "Gevelsberg",
      ],
    },
  ],
  "lageplan": undefined,
  "wings": Object {},
}
`;

exports[`onlyPlan arrivalWing.xml 1`] = `
Object {
  "departures": Array [
    Object {
      "arrival": 1552827480000,
      "arrivalWingIds": undefined,
      "auslastung": false,
      "currentStation": "test",
      "currentStationEva": "test",
      "departure": 1552827600000,
      "departureWingIds": undefined,
      "destination": "Hagen Hbf",
      "hiddenArrival": undefined,
      "hiddenDeparture": undefined,
      "id": "6062058741531589910",
      "isCancelled": undefined,
      "lineNumber": "8",
      "longDistance": false,
      "mediumId": "6062058741531589910-1903161424",
      "messages": Object {
        "delay": Array [],
        "qos": Array [],
      },
      "o": "800354",
      "platform": "13",
      "productClass": "S",
      "rawId": "-6062058741531589910-1903161424-13",
      "reihung": false,
      "route": Array [
        Object {
          "name": "Mönchengladbach Hbf",
        },
        Object {
          "name": "Mönchengladbach-Lürrip",
        },
        Object {
          "name": "Korschenbroich",
        },
        Object {
          "name": "Kleinenbroich",
        },
        Object {
          "name": "Büttgen",
        },
        Object {
          "name": "Neuss Hbf",
        },
        Object {
          "name": "Neuss Am Kaiser",
        },
        Object {
          "name": "Neuss Rheinparkcenter",
        },
        Object {
          "name": "Düsseldorf-Hamm",
        },
        Object {
          "name": "Düsseldorf Völklinger Str.",
        },
        Object {
          "name": "Düsseldorf-Bilk",
        },
        Object {
          "name": "Düsseldorf Friedrichstadt",
        },
        Object {
          "isCancelled": undefined,
          "name": "test",
        },
        Object {
          "name": "Düsseldorf-Flingern",
        },
        Object {
          "name": "Düsseldorf-Gerresheim",
        },
        Object {
          "name": "Erkrath",
        },
        Object {
          "name": "Hochdahl",
        },
        Object {
          "name": "Hochdahl-Millrath",
        },
        Object {
          "name": "Haan-Gruiten",
        },
        Object {
          "name": "Wuppertal-Vohwinkel",
        },
        Object {
          "name": "Wuppertal-Sonnborn",
        },
        Object {
          "name": "Wuppertal-Zoologischer Garten",
        },
        Object {
          "name": "Wuppertal-Steinbeck",
        },
        Object {
          "name": "Wuppertal Hbf",
        },
        Object {
          "name": "Wuppertal-Unterbarmen",
        },
        Object {
          "name": "Wuppertal-Barmen",
        },
        Object {
          "name": "Wuppertal-Oberbarmen",
        },
        Object {
          "name": "Wuppertal-Langerfeld",
        },
        Object {
          "name": "Schwelm West",
        },
        Object {
          "name": "Schwelm",
        },
        Object {
          "name": "Gevelsberg West",
        },
        Object {
          "name": "Gevelsberg-Kipp",
        },
        Object {
          "name": "Gevelsberg Hbf",
        },
        Object {
          "name": "Gevelsberg-Knapp",
        },
        Object {
          "name": "Hagen-Westerbauer",
        },
        Object {
          "name": "Hagen-Heubing",
        },
        Object {
          "name": "Hagen-Wehringhausen",
        },
        Object {
          "name": "Hagen Hbf",
        },
      ],
      "scheduledArrival": 1552827480000,
      "scheduledDeparture": 1552827600000,
      "scheduledDestination": "Hagen Hbf",
      "scheduledPlatform": "13",
      "substitute": false,
      "thirdParty": undefined,
      "train": "S 8",
      "trainId": "8",
      "trainNumber": "30889",
      "trainType": "S",
      "via": Array [
        "Düsseldorf-Flingern",
        "Wuppertal",
        "Gevelsberg",
      ],
    },
  ],
  "lageplan": null,
  "wings": Object {},
}
`;

exports[`onlyPlan cancelled.xml 1`] = `
Object {
  "departures": Array [
    Object {
      "arrival": 1552827480000,
      "arrivalIsCancelled": true,
      "arrivalWingIds": undefined,
      "auslastung": false,
      "currentStation": "test",
      "currentStationEva": "test",
      "delayArrival": 0,
      "delayDeparture": 0,
      "departure": 1552827600000,
      "departureIsCancelled": true,
      "departureWingIds": undefined,
      "destination": "Hagen Hbf",
      "hiddenArrival": undefined,
      "hiddenDeparture": undefined,
      "id": "6062058741531589910",
      "isCancelled": true,
      "lineNumber": "8",
      "longDistance": false,
      "mediumId": "6062058741531589910-1903161424",
      "messages": Object {
        "delay": Array [],
        "qos": Array [],
      },
      "o": "800354",
      "platform": "13",
      "productClass": "S",
      "rawId": "-6062058741531589910-1903161424-13",
      "ref": undefined,
      "reihung": false,
      "route": Array [
        Object {
          "isCancelled": true,
          "name": "Mönchengladbach Hbf",
        },
        Object {
          "isCancelled": true,
          "name": "Mönchengladbach-Lürrip",
        },
        Object {
          "isCancelled": true,
          "name": "Korschenbroich",
        },
        Object {
          "isCancelled": true,
          "name": "Kleinenbroich",
        },
        Object {
          "isCancelled": true,
          "name": "Büttgen",
        },
        Object {
          "isCancelled": true,
          "name": "Neuss Hbf",
        },
        Object {
          "isCancelled": true,
          "name": "Neuss Am Kaiser",
        },
        Object {
          "isCancelled": true,
          "name": "Neuss Rheinparkcenter",
        },
        Object {
          "isCancelled": true,
          "name": "Düsseldorf-Hamm",
        },
        Object {
          "isCancelled": true,
          "name": "Düsseldorf Völklinger Str.",
        },
        Object {
          "isCancelled": true,
          "name": "Düsseldorf-Bilk",
        },
        Object {
          "isCancelled": true,
          "name": "Düsseldorf Friedrichstadt",
        },
        Object {
          "isCancelled": true,
          "name": "test",
        },
        Object {
          "isCancelled": true,
          "name": "Düsseldorf-Flingern",
        },
        Object {
          "isCancelled": true,
          "name": "Düsseldorf-Gerresheim",
        },
        Object {
          "isCancelled": true,
          "name": "Erkrath",
        },
        Object {
          "isCancelled": true,
          "name": "Hochdahl",
        },
        Object {
          "isCancelled": true,
          "name": "Hochdahl-Millrath",
        },
        Object {
          "isCancelled": true,
          "name": "Haan-Gruiten",
        },
        Object {
          "isCancelled": true,
          "name": "Wuppertal-Vohwinkel",
        },
        Object {
          "isCancelled": true,
          "name": "Wuppertal-Sonnborn",
        },
        Object {
          "isCancelled": true,
          "name": "Wuppertal-Zoologischer Garten",
        },
        Object {
          "isCancelled": true,
          "name": "Wuppertal-Steinbeck",
        },
        Object {
          "isCancelled": true,
          "name": "Wuppertal Hbf",
        },
        Object {
          "isCancelled": true,
          "name": "Wuppertal-Unterbarmen",
        },
        Object {
          "isCancelled": true,
          "name": "Wuppertal-Barmen",
        },
        Object {
          "isCancelled": true,
          "name": "Wuppertal-Oberbarmen",
        },
        Object {
          "isCancelled": true,
          "name": "Wuppertal-Langerfeld",
        },
        Object {
          "isCancelled": true,
          "name": "Schwelm West",
        },
        Object {
          "isCancelled": true,
          "name": "Schwelm",
        },
        Object {
          "isCancelled": true,
          "name": "Gevelsberg West",
        },
        Object {
          "isCancelled": true,
          "name": "Gevelsberg-Kipp",
        },
        Object {
          "isCancelled": true,
          "name": "Gevelsberg Hbf",
        },
        Object {
          "isCancelled": true,
          "name": "Gevelsberg-Knapp",
        },
        Object {
          "isCancelled": true,
          "name": "Hagen-Westerbauer",
        },
        Object {
          "isCancelled": true,
          "name": "Hagen-Heubing",
        },
        Object {
          "isCancelled": true,
          "name": "Hagen-Wehringhausen",
        },
        Object {
          "isCancelled": true,
          "name": "Hagen Hbf",
        },
      ],
      "scheduledArrival": 1552827480000,
      "scheduledDeparture": 1552827600000,
      "scheduledDestination": "Hagen Hbf",
      "scheduledPlatform": "13",
      "substitute": false,
      "thirdParty": undefined,
      "train": "S 8",
      "trainId": "8",
      "trainNumber": "30889",
      "trainType": "S",
      "via": Array [],
    },
  ],
  "lageplan": null,
  "wings": Object {},
}
`;

exports[`onlyPlan departureCancelled.xml 1`] = `
Object {
  "departures": Array [
    Object {
      "arrival": 1552827480000,
      "arrivalWingIds": undefined,
      "auslastung": false,
      "currentStation": "test",
      "currentStationEva": "test",
      "delayDeparture": 0,
      "departure": 1552827600000,
      "departureIsCancelled": true,
      "departureWingIds": undefined,
      "destination": "test",
      "hiddenArrival": undefined,
      "hiddenDeparture": undefined,
      "id": "6062058741531589910",
      "isCancelled": false,
      "lineNumber": "8",
      "longDistance": false,
      "mediumId": "6062058741531589910-1903161424",
      "messages": Object {
        "delay": Array [],
        "qos": Array [],
      },
      "o": "800354",
      "platform": "13",
      "productClass": "S",
      "rawId": "-6062058741531589910-1903161424-13",
      "ref": undefined,
      "reihung": false,
      "route": Array [
        Object {
          "name": "Mönchengladbach Hbf",
        },
        Object {
          "name": "Mönchengladbach-Lürrip",
        },
        Object {
          "name": "Korschenbroich",
        },
        Object {
          "name": "Kleinenbroich",
        },
        Object {
          "name": "Büttgen",
        },
        Object {
          "name": "Neuss Hbf",
        },
        Object {
          "name": "Neuss Am Kaiser",
        },
        Object {
          "name": "Neuss Rheinparkcenter",
        },
        Object {
          "name": "Düsseldorf-Hamm",
        },
        Object {
          "name": "Düsseldorf Völklinger Str.",
        },
        Object {
          "name": "Düsseldorf-Bilk",
        },
        Object {
          "name": "Düsseldorf Friedrichstadt",
        },
        Object {
          "isCancelled": false,
          "name": "test",
        },
        Object {
          "isCancelled": true,
          "name": "Düsseldorf-Flingern",
        },
        Object {
          "isCancelled": true,
          "name": "Düsseldorf-Gerresheim",
        },
        Object {
          "isCancelled": true,
          "name": "Erkrath",
        },
        Object {
          "isCancelled": true,
          "name": "Hochdahl",
        },
        Object {
          "isCancelled": true,
          "name": "Hochdahl-Millrath",
        },
        Object {
          "isCancelled": true,
          "name": "Haan-Gruiten",
        },
        Object {
          "isCancelled": true,
          "name": "Wuppertal-Vohwinkel",
        },
        Object {
          "isCancelled": true,
          "name": "Wuppertal-Sonnborn",
        },
        Object {
          "isCancelled": true,
          "name": "Wuppertal-Zoologischer Garten",
        },
        Object {
          "isCancelled": true,
          "name": "Wuppertal-Steinbeck",
        },
        Object {
          "isCancelled": true,
          "name": "Wuppertal Hbf",
        },
        Object {
          "isCancelled": true,
          "name": "Wuppertal-Unterbarmen",
        },
        Object {
          "isCancelled": true,
          "name": "Wuppertal-Barmen",
        },
        Object {
          "isCancelled": true,
          "name": "Wuppertal-Oberbarmen",
        },
        Object {
          "isCancelled": true,
          "name": "Wuppertal-Langerfeld",
        },
        Object {
          "isCancelled": true,
          "name": "Schwelm West",
        },
        Object {
          "isCancelled": true,
          "name": "Schwelm",
        },
        Object {
          "isCancelled": true,
          "name": "Gevelsberg West",
        },
        Object {
          "isCancelled": true,
          "name": "Gevelsberg-Kipp",
        },
        Object {
          "isCancelled": true,
          "name": "Gevelsberg Hbf",
        },
        Object {
          "isCancelled": true,
          "name": "Gevelsberg-Knapp",
        },
        Object {
          "isCancelled": true,
          "name": "Hagen-Westerbauer",
        },
        Object {
          "isCancelled": true,
          "name": "Hagen-Heubing",
        },
        Object {
          "isCancelled": true,
          "name": "Hagen-Wehringhausen",
        },
        Object {
          "isCancelled": true,
          "name": "Hagen Hbf",
        },
      ],
      "scheduledArrival": 1552827480000,
      "scheduledDeparture": 1552827600000,
      "scheduledDestination": "Hagen Hbf",
      "scheduledPlatform": "13",
      "substitute": false,
      "thirdParty": undefined,
      "train": "S 8",
      "trainId": "8",
      "trainNumber": "30889",
      "trainType": "S",
      "via": Array [],
    },
  ],
  "lageplan": null,
  "wings": Object {},
}
`;

exports[`onlyPlan departureWing.xml 1`] = `
Object {
  "departures": Array [
    Object {
      "arrival": 1552827480000,
      "arrivalWingIds": undefined,
      "auslastung": false,
      "currentStation": "test",
      "currentStationEva": "test",
      "departure": 1552827600000,
      "departureWingIds": undefined,
      "destination": "Hagen Hbf",
      "hiddenArrival": undefined,
      "hiddenDeparture": undefined,
      "id": "6062058741531589910",
      "isCancelled": undefined,
      "lineNumber": "8",
      "longDistance": false,
      "mediumId": "6062058741531589910-1903161424",
      "messages": Object {
        "delay": Array [],
        "qos": Array [],
      },
      "o": "800354",
      "platform": "13",
      "productClass": "S",
      "rawId": "-6062058741531589910-1903161424-13",
      "reihung": false,
      "route": Array [
        Object {
          "name": "Mönchengladbach Hbf",
        },
        Object {
          "name": "Mönchengladbach-Lürrip",
        },
        Object {
          "name": "Korschenbroich",
        },
        Object {
          "name": "Kleinenbroich",
        },
        Object {
          "name": "Büttgen",
        },
        Object {
          "name": "Neuss Hbf",
        },
        Object {
          "name": "Neuss Am Kaiser",
        },
        Object {
          "name": "Neuss Rheinparkcenter",
        },
        Object {
          "name": "Düsseldorf-Hamm",
        },
        Object {
          "name": "Düsseldorf Völklinger Str.",
        },
        Object {
          "name": "Düsseldorf-Bilk",
        },
        Object {
          "name": "Düsseldorf Friedrichstadt",
        },
        Object {
          "isCancelled": undefined,
          "name": "test",
        },
        Object {
          "name": "Düsseldorf-Flingern",
        },
        Object {
          "name": "Düsseldorf-Gerresheim",
        },
        Object {
          "name": "Erkrath",
        },
        Object {
          "name": "Hochdahl",
        },
        Object {
          "name": "Hochdahl-Millrath",
        },
        Object {
          "name": "Haan-Gruiten",
        },
        Object {
          "name": "Wuppertal-Vohwinkel",
        },
        Object {
          "name": "Wuppertal-Sonnborn",
        },
        Object {
          "name": "Wuppertal-Zoologischer Garten",
        },
        Object {
          "name": "Wuppertal-Steinbeck",
        },
        Object {
          "name": "Wuppertal Hbf",
        },
        Object {
          "name": "Wuppertal-Unterbarmen",
        },
        Object {
          "name": "Wuppertal-Barmen",
        },
        Object {
          "name": "Wuppertal-Oberbarmen",
        },
        Object {
          "name": "Wuppertal-Langerfeld",
        },
        Object {
          "name": "Schwelm West",
        },
        Object {
          "name": "Schwelm",
        },
        Object {
          "name": "Gevelsberg West",
        },
        Object {
          "name": "Gevelsberg-Kipp",
        },
        Object {
          "name": "Gevelsberg Hbf",
        },
        Object {
          "name": "Gevelsberg-Knapp",
        },
        Object {
          "name": "Hagen-Westerbauer",
        },
        Object {
          "name": "Hagen-Heubing",
        },
        Object {
          "name": "Hagen-Wehringhausen",
        },
        Object {
          "name": "Hagen Hbf",
        },
      ],
      "scheduledArrival": 1552827480000,
      "scheduledDeparture": 1552827600000,
      "scheduledDestination": "Hagen Hbf",
      "scheduledPlatform": "13",
      "substitute": false,
      "thirdParty": undefined,
      "train": "S 8",
      "trainId": "8",
      "trainNumber": "30889",
      "trainType": "S",
      "via": Array [
        "Düsseldorf-Flingern",
        "Wuppertal",
        "Gevelsberg",
      ],
    },
  ],
  "lageplan": null,
  "wings": Object {},
}
`;

exports[`onlyPlan filteredDueToTime.xml 1`] = `
Object {
  "departures": Array [
    Object {
      "arrival": 1552827480000,
      "arrivalWingIds": undefined,
      "auslastung": false,
      "currentStation": "test",
      "currentStationEva": "test",
      "departure": 1552827600000,
      "departureWingIds": undefined,
      "destination": "Hagen Hbf",
      "hiddenArrival": undefined,
      "hiddenDeparture": undefined,
      "id": "6062058741531589910",
      "isCancelled": undefined,
      "lineNumber": "8",
      "longDistance": false,
      "mediumId": "6062058741531589910-1903161424",
      "messages": Object {
        "delay": Array [],
        "qos": Array [],
      },
      "o": "800354",
      "platform": "13",
      "productClass": "S",
      "rawId": "-6062058741531589910-1903161424-13",
      "reihung": false,
      "route": Array [
        Object {
          "name": "Mönchengladbach Hbf",
        },
        Object {
          "name": "Mönchengladbach-Lürrip",
        },
        Object {
          "name": "Korschenbroich",
        },
        Object {
          "name": "Kleinenbroich",
        },
        Object {
          "name": "Büttgen",
        },
        Object {
          "name": "Neuss Hbf",
        },
        Object {
          "name": "Neuss Am Kaiser",
        },
        Object {
          "name": "Neuss Rheinparkcenter",
        },
        Object {
          "name": "Düsseldorf-Hamm",
        },
        Object {
          "name": "Düsseldorf Völklinger Str.",
        },
        Object {
          "name": "Düsseldorf-Bilk",
        },
        Object {
          "name": "Düsseldorf Friedrichstadt",
        },
        Object {
          "isCancelled": undefined,
          "name": "test",
        },
        Object {
          "name": "Düsseldorf-Flingern",
        },
        Object {
          "name": "Düsseldorf-Gerresheim",
        },
        Object {
          "name": "Erkrath",
        },
        Object {
          "name": "Hochdahl",
        },
        Object {
          "name": "Hochdahl-Millrath",
        },
        Object {
          "name": "Haan-Gruiten",
        },
        Object {
          "name": "Wuppertal-Vohwinkel",
        },
        Object {
          "name": "Wuppertal-Sonnborn",
        },
        Object {
          "name": "Wuppertal-Zoologischer Garten",
        },
        Object {
          "name": "Wuppertal-Steinbeck",
        },
        Object {
          "name": "Wuppertal Hbf",
        },
        Object {
          "name": "Wuppertal-Unterbarmen",
        },
        Object {
          "name": "Wuppertal-Barmen",
        },
        Object {
          "name": "Wuppertal-Oberbarmen",
        },
        Object {
          "name": "Wuppertal-Langerfeld",
        },
        Object {
          "name": "Schwelm West",
        },
        Object {
          "name": "Schwelm",
        },
        Object {
          "name": "Gevelsberg West",
        },
        Object {
          "name": "Gevelsberg-Kipp",
        },
        Object {
          "name": "Gevelsberg Hbf",
        },
        Object {
          "name": "Gevelsberg-Knapp",
        },
        Object {
          "name": "Hagen-Westerbauer",
        },
        Object {
          "name": "Hagen-Heubing",
        },
        Object {
          "name": "Hagen-Wehringhausen",
        },
        Object {
          "name": "Hagen Hbf",
        },
      ],
      "scheduledArrival": 1552827480000,
      "scheduledDeparture": 1552827600000,
      "scheduledDestination": "Hagen Hbf",
      "scheduledPlatform": "13",
      "substitute": false,
      "thirdParty": undefined,
      "train": "S 8",
      "trainId": "8",
      "trainNumber": "30889",
      "trainType": "S",
      "via": Array [
        "Düsseldorf-Flingern",
        "Wuppertal",
        "Gevelsberg",
      ],
    },
  ],
  "lageplan": null,
  "wings": Object {},
}
`;

exports[`onlyPlan multipleWings.xml 1`] = `
Object {
  "departures": Array [
    Object {
      "arrival": 1552827480000,
      "arrivalWingIds": undefined,
      "auslastung": false,
      "currentStation": "test",
      "currentStationEva": "test",
      "departure": 1552827600000,
      "departureWingIds": undefined,
      "destination": "Hagen Hbf",
      "hiddenArrival": undefined,
      "hiddenDeparture": undefined,
      "id": "6062058741531589910",
      "isCancelled": undefined,
      "lineNumber": "8",
      "longDistance": false,
      "mediumId": "6062058741531589910-1903161424",
      "messages": Object {
        "delay": Array [],
        "qos": Array [],
      },
      "o": "800354",
      "platform": "13",
      "productClass": "S",
      "rawId": "-6062058741531589910-1903161424-13",
      "reihung": false,
      "route": Array [
        Object {
          "name": "Mönchengladbach Hbf",
        },
        Object {
          "name": "Mönchengladbach-Lürrip",
        },
        Object {
          "name": "Korschenbroich",
        },
        Object {
          "name": "Kleinenbroich",
        },
        Object {
          "name": "Büttgen",
        },
        Object {
          "name": "Neuss Hbf",
        },
        Object {
          "name": "Neuss Am Kaiser",
        },
        Object {
          "name": "Neuss Rheinparkcenter",
        },
        Object {
          "name": "Düsseldorf-Hamm",
        },
        Object {
          "name": "Düsseldorf Völklinger Str.",
        },
        Object {
          "name": "Düsseldorf-Bilk",
        },
        Object {
          "name": "Düsseldorf Friedrichstadt",
        },
        Object {
          "isCancelled": undefined,
          "name": "test",
        },
        Object {
          "name": "Düsseldorf-Flingern",
        },
        Object {
          "name": "Düsseldorf-Gerresheim",
        },
        Object {
          "name": "Erkrath",
        },
        Object {
          "name": "Hochdahl",
        },
        Object {
          "name": "Hochdahl-Millrath",
        },
        Object {
          "name": "Haan-Gruiten",
        },
        Object {
          "name": "Wuppertal-Vohwinkel",
        },
        Object {
          "name": "Wuppertal-Sonnborn",
        },
        Object {
          "name": "Wuppertal-Zoologischer Garten",
        },
        Object {
          "name": "Wuppertal-Steinbeck",
        },
        Object {
          "name": "Wuppertal Hbf",
        },
        Object {
          "name": "Wuppertal-Unterbarmen",
        },
        Object {
          "name": "Wuppertal-Barmen",
        },
        Object {
          "name": "Wuppertal-Oberbarmen",
        },
        Object {
          "name": "Wuppertal-Langerfeld",
        },
        Object {
          "name": "Schwelm West",
        },
        Object {
          "name": "Schwelm",
        },
        Object {
          "name": "Gevelsberg West",
        },
        Object {
          "name": "Gevelsberg-Kipp",
        },
        Object {
          "name": "Gevelsberg Hbf",
        },
        Object {
          "name": "Gevelsberg-Knapp",
        },
        Object {
          "name": "Hagen-Westerbauer",
        },
        Object {
          "name": "Hagen-Heubing",
        },
        Object {
          "name": "Hagen-Wehringhausen",
        },
        Object {
          "name": "Hagen Hbf",
        },
      ],
      "scheduledArrival": 1552827480000,
      "scheduledDeparture": 1552827600000,
      "scheduledDestination": "Hagen Hbf",
      "scheduledPlatform": "13",
      "substitute": false,
      "thirdParty": undefined,
      "train": "S 8",
      "trainId": "8",
      "trainNumber": "30889",
      "trainType": "S",
      "via": Array [
        "Düsseldorf-Flingern",
        "Wuppertal",
        "Gevelsberg",
      ],
    },
  ],
  "lageplan": null,
  "wings": Object {},
}
`;

exports[`onlyPlan onlyArrival.xml 1`] = `
Object {
  "departures": Array [
    Object {
      "arrival": 1552827480000,
      "arrivalWingIds": undefined,
      "auslastung": false,
      "currentStation": "test",
      "currentStationEva": "test",
      "departure": 1552827600000,
      "departureWingIds": undefined,
      "destination": "Hagen Hbf",
      "hiddenArrival": undefined,
      "hiddenDeparture": undefined,
      "id": "6062058741531589910",
      "isCancelled": undefined,
      "lineNumber": "8",
      "longDistance": false,
      "mediumId": "6062058741531589910-1903161424",
      "messages": Object {
        "delay": Array [],
        "qos": Array [],
      },
      "o": "800354",
      "platform": "13",
      "productClass": "S",
      "rawId": "-6062058741531589910-1903161424-13",
      "reihung": false,
      "route": Array [
        Object {
          "name": "Mönchengladbach Hbf",
        },
        Object {
          "name": "Mönchengladbach-Lürrip",
        },
        Object {
          "name": "Korschenbroich",
        },
        Object {
          "name": "Kleinenbroich",
        },
        Object {
          "name": "Büttgen",
        },
        Object {
          "name": "Neuss Hbf",
        },
        Object {
          "name": "Neuss Am Kaiser",
        },
        Object {
          "name": "Neuss Rheinparkcenter",
        },
        Object {
          "name": "Düsseldorf-Hamm",
        },
        Object {
          "name": "Düsseldorf Völklinger Str.",
        },
        Object {
          "name": "Düsseldorf-Bilk",
        },
        Object {
          "name": "Düsseldorf Friedrichstadt",
        },
        Object {
          "isCancelled": undefined,
          "name": "test",
        },
        Object {
          "name": "Düsseldorf-Flingern",
        },
        Object {
          "name": "Düsseldorf-Gerresheim",
        },
        Object {
          "name": "Erkrath",
        },
        Object {
          "name": "Hochdahl",
        },
        Object {
          "name": "Hochdahl-Millrath",
        },
        Object {
          "name": "Haan-Gruiten",
        },
        Object {
          "name": "Wuppertal-Vohwinkel",
        },
        Object {
          "name": "Wuppertal-Sonnborn",
        },
        Object {
          "name": "Wuppertal-Zoologischer Garten",
        },
        Object {
          "name": "Wuppertal-Steinbeck",
        },
        Object {
          "name": "Wuppertal Hbf",
        },
        Object {
          "name": "Wuppertal-Unterbarmen",
        },
        Object {
          "name": "Wuppertal-Barmen",
        },
        Object {
          "name": "Wuppertal-Oberbarmen",
        },
        Object {
          "name": "Wuppertal-Langerfeld",
        },
        Object {
          "name": "Schwelm West",
        },
        Object {
          "name": "Schwelm",
        },
        Object {
          "name": "Gevelsberg West",
        },
        Object {
          "name": "Gevelsberg-Kipp",
        },
        Object {
          "name": "Gevelsberg Hbf",
        },
        Object {
          "name": "Gevelsberg-Knapp",
        },
        Object {
          "name": "Hagen-Westerbauer",
        },
        Object {
          "name": "Hagen-Heubing",
        },
        Object {
          "name": "Hagen-Wehringhausen",
        },
        Object {
          "name": "Hagen Hbf",
        },
      ],
      "scheduledArrival": 1552827480000,
      "scheduledDeparture": 1552827600000,
      "scheduledDestination": "Hagen Hbf",
      "scheduledPlatform": "13",
      "substitute": false,
      "thirdParty": undefined,
      "train": "S 8",
      "trainId": "8",
      "trainNumber": "30889",
      "trainType": "S",
      "via": Array [
        "Düsseldorf-Flingern",
        "Wuppertal",
        "Gevelsberg",
      ],
    },
  ],
  "lageplan": null,
  "wings": Object {},
}
`;

exports[`onlyPlan onlyDeparture.xml 1`] = `
Object {
  "departures": Array [
    Object {
      "arrival": 1552827480000,
      "arrivalWingIds": undefined,
      "auslastung": false,
      "currentStation": "test",
      "currentStationEva": "test",
      "departure": 1552827600000,
      "departureWingIds": undefined,
      "destination": "Hagen Hbf",
      "hiddenArrival": undefined,
      "hiddenDeparture": undefined,
      "id": "6062058741531589910",
      "isCancelled": undefined,
      "lineNumber": "8",
      "longDistance": false,
      "mediumId": "6062058741531589910-1903161424",
      "messages": Object {
        "delay": Array [],
        "qos": Array [],
      },
      "o": "800354",
      "platform": "13",
      "productClass": "S",
      "rawId": "-6062058741531589910-1903161424-13",
      "reihung": false,
      "route": Array [
        Object {
          "name": "Mönchengladbach Hbf",
        },
        Object {
          "name": "Mönchengladbach-Lürrip",
        },
        Object {
          "name": "Korschenbroich",
        },
        Object {
          "name": "Kleinenbroich",
        },
        Object {
          "name": "Büttgen",
        },
        Object {
          "name": "Neuss Hbf",
        },
        Object {
          "name": "Neuss Am Kaiser",
        },
        Object {
          "name": "Neuss Rheinparkcenter",
        },
        Object {
          "name": "Düsseldorf-Hamm",
        },
        Object {
          "name": "Düsseldorf Völklinger Str.",
        },
        Object {
          "name": "Düsseldorf-Bilk",
        },
        Object {
          "name": "Düsseldorf Friedrichstadt",
        },
        Object {
          "isCancelled": undefined,
          "name": "test",
        },
        Object {
          "name": "Düsseldorf-Flingern",
        },
        Object {
          "name": "Düsseldorf-Gerresheim",
        },
        Object {
          "name": "Erkrath",
        },
        Object {
          "name": "Hochdahl",
        },
        Object {
          "name": "Hochdahl-Millrath",
        },
        Object {
          "name": "Haan-Gruiten",
        },
        Object {
          "name": "Wuppertal-Vohwinkel",
        },
        Object {
          "name": "Wuppertal-Sonnborn",
        },
        Object {
          "name": "Wuppertal-Zoologischer Garten",
        },
        Object {
          "name": "Wuppertal-Steinbeck",
        },
        Object {
          "name": "Wuppertal Hbf",
        },
        Object {
          "name": "Wuppertal-Unterbarmen",
        },
        Object {
          "name": "Wuppertal-Barmen",
        },
        Object {
          "name": "Wuppertal-Oberbarmen",
        },
        Object {
          "name": "Wuppertal-Langerfeld",
        },
        Object {
          "name": "Schwelm West",
        },
        Object {
          "name": "Schwelm",
        },
        Object {
          "name": "Gevelsberg West",
        },
        Object {
          "name": "Gevelsberg-Kipp",
        },
        Object {
          "name": "Gevelsberg Hbf",
        },
        Object {
          "name": "Gevelsberg-Knapp",
        },
        Object {
          "name": "Hagen-Westerbauer",
        },
        Object {
          "name": "Hagen-Heubing",
        },
        Object {
          "name": "Hagen-Wehringhausen",
        },
        Object {
          "name": "Hagen Hbf",
        },
      ],
      "scheduledArrival": 1552827480000,
      "scheduledDeparture": 1552827600000,
      "scheduledDestination": "Hagen Hbf",
      "scheduledPlatform": "13",
      "substitute": false,
      "thirdParty": undefined,
      "train": "S 8",
      "trainId": "8",
      "trainNumber": "30889",
      "trainType": "S",
      "via": Array [
        "Düsseldorf-Flingern",
        "Wuppertal",
        "Gevelsberg",
      ],
    },
  ],
  "lageplan": null,
  "wings": Object {},
}
`;

exports[`onlyPlan simple1.xml 1`] = `
Object {
  "departures": Array [
    Object {
      "arrival": 1552827480000,
      "arrivalWingIds": undefined,
      "auslastung": false,
      "currentStation": "test",
      "currentStationEva": "test",
      "departure": 1552827600000,
      "departureWingIds": undefined,
      "destination": "Hagen Hbf",
      "hiddenArrival": undefined,
      "hiddenDeparture": undefined,
      "id": "6062058741531589910",
      "isCancelled": undefined,
      "lineNumber": "8",
      "longDistance": false,
      "mediumId": "6062058741531589910-1903161424",
      "messages": Object {
        "delay": Array [],
        "qos": Array [],
      },
      "o": "800354",
      "platform": "13",
      "productClass": "S",
      "rawId": "-6062058741531589910-1903161424-13",
      "reihung": false,
      "route": Array [
        Object {
          "name": "Mönchengladbach Hbf",
        },
        Object {
          "name": "Mönchengladbach-Lürrip",
        },
        Object {
          "name": "Korschenbroich",
        },
        Object {
          "name": "Kleinenbroich",
        },
        Object {
          "name": "Büttgen",
        },
        Object {
          "name": "Neuss Hbf",
        },
        Object {
          "name": "Neuss Am Kaiser",
        },
        Object {
          "name": "Neuss Rheinparkcenter",
        },
        Object {
          "name": "Düsseldorf-Hamm",
        },
        Object {
          "name": "Düsseldorf Völklinger Str.",
        },
        Object {
          "name": "Düsseldorf-Bilk",
        },
        Object {
          "name": "Düsseldorf Friedrichstadt",
        },
        Object {
          "isCancelled": undefined,
          "name": "test",
        },
        Object {
          "name": "Düsseldorf-Flingern",
        },
        Object {
          "name": "Düsseldorf-Gerresheim",
        },
        Object {
          "name": "Erkrath",
        },
        Object {
          "name": "Hochdahl",
        },
        Object {
          "name": "Hochdahl-Millrath",
        },
        Object {
          "name": "Haan-Gruiten",
        },
        Object {
          "name": "Wuppertal-Vohwinkel",
        },
        Object {
          "name": "Wuppertal-Sonnborn",
        },
        Object {
          "name": "Wuppertal-Zoologischer Garten",
        },
        Object {
          "name": "Wuppertal-Steinbeck",
        },
        Object {
          "name": "Wuppertal Hbf",
        },
        Object {
          "name": "Wuppertal-Unterbarmen",
        },
        Object {
          "name": "Wuppertal-Barmen",
        },
        Object {
          "name": "Wuppertal-Oberbarmen",
        },
        Object {
          "name": "Wuppertal-Langerfeld",
        },
        Object {
          "name": "Schwelm West",
        },
        Object {
          "name": "Schwelm",
        },
        Object {
          "name": "Gevelsberg West",
        },
        Object {
          "name": "Gevelsberg-Kipp",
        },
        Object {
          "name": "Gevelsberg Hbf",
        },
        Object {
          "name": "Gevelsberg-Knapp",
        },
        Object {
          "name": "Hagen-Westerbauer",
        },
        Object {
          "name": "Hagen-Heubing",
        },
        Object {
          "name": "Hagen-Wehringhausen",
        },
        Object {
          "name": "Hagen Hbf",
        },
      ],
      "scheduledArrival": 1552827480000,
      "scheduledDeparture": 1552827600000,
      "scheduledDestination": "Hagen Hbf",
      "scheduledPlatform": "13",
      "substitute": false,
      "thirdParty": undefined,
      "train": "S 8",
      "trainId": "8",
      "trainNumber": "30889",
      "trainType": "S",
      "via": Array [
        "Düsseldorf-Flingern",
        "Wuppertal",
        "Gevelsberg",
      ],
    },
  ],
  "lageplan": null,
  "wings": Object {},
}
`;

exports[`onlyPlan simple2.xml 1`] = `
Object {
  "departures": Array [
    Object {
      "arrival": 1552827480000,
      "arrivalWingIds": undefined,
      "auslastung": false,
      "currentStation": "test",
      "currentStationEva": "test",
      "departure": 1552827600000,
      "departureWingIds": undefined,
      "destination": "Hagen Hbf",
      "hiddenArrival": undefined,
      "hiddenDeparture": undefined,
      "id": "6062058741531589910",
      "isCancelled": undefined,
      "lineNumber": "8",
      "longDistance": false,
      "mediumId": "6062058741531589910-1903161424",
      "messages": Object {
        "delay": Array [],
        "qos": Array [],
      },
      "o": "800354",
      "platform": "13",
      "productClass": "S",
      "rawId": "-6062058741531589910-1903161424-13",
      "reihung": false,
      "route": Array [
        Object {
          "name": "Mönchengladbach Hbf",
        },
        Object {
          "name": "Mönchengladbach-Lürrip",
        },
        Object {
          "name": "Korschenbroich",
        },
        Object {
          "name": "Kleinenbroich",
        },
        Object {
          "name": "Büttgen",
        },
        Object {
          "name": "Neuss Hbf",
        },
        Object {
          "name": "Neuss Am Kaiser",
        },
        Object {
          "name": "Neuss Rheinparkcenter",
        },
        Object {
          "name": "Düsseldorf-Hamm",
        },
        Object {
          "name": "Düsseldorf Völklinger Str.",
        },
        Object {
          "name": "Düsseldorf-Bilk",
        },
        Object {
          "name": "Düsseldorf Friedrichstadt",
        },
        Object {
          "isCancelled": undefined,
          "name": "test",
        },
        Object {
          "name": "Düsseldorf-Flingern",
        },
        Object {
          "name": "Düsseldorf-Gerresheim",
        },
        Object {
          "name": "Erkrath",
        },
        Object {
          "name": "Hochdahl",
        },
        Object {
          "name": "Hochdahl-Millrath",
        },
        Object {
          "name": "Haan-Gruiten",
        },
        Object {
          "name": "Wuppertal-Vohwinkel",
        },
        Object {
          "name": "Wuppertal-Sonnborn",
        },
        Object {
          "name": "Wuppertal-Zoologischer Garten",
        },
        Object {
          "name": "Wuppertal-Steinbeck",
        },
        Object {
          "name": "Wuppertal Hbf",
        },
        Object {
          "name": "Wuppertal-Unterbarmen",
        },
        Object {
          "name": "Wuppertal-Barmen",
        },
        Object {
          "name": "Wuppertal-Oberbarmen",
        },
        Object {
          "name": "Wuppertal-Langerfeld",
        },
        Object {
          "name": "Schwelm West",
        },
        Object {
          "name": "Schwelm",
        },
        Object {
          "name": "Gevelsberg West",
        },
        Object {
          "name": "Gevelsberg-Kipp",
        },
        Object {
          "name": "Gevelsberg Hbf",
        },
        Object {
          "name": "Gevelsberg-Knapp",
        },
        Object {
          "name": "Hagen-Westerbauer",
        },
        Object {
          "name": "Hagen-Heubing",
        },
        Object {
          "name": "Hagen-Wehringhausen",
        },
        Object {
          "name": "Hagen Hbf",
        },
      ],
      "scheduledArrival": 1552827480000,
      "scheduledDeparture": 1552827600000,
      "scheduledDestination": "Hagen Hbf",
      "scheduledPlatform": "13",
      "substitute": false,
      "thirdParty": undefined,
      "train": "S 8",
      "trainId": "8",
      "trainNumber": "30889",
      "trainType": "S",
      "via": Array [
        "Düsseldorf-Flingern",
        "Wuppertal",
        "Gevelsberg",
      ],
    },
  ],
  "lageplan": null,
  "wings": Object {},
}
`;

exports[`onlyPlan visibleDueToDelay.xml 1`] = `
Object {
  "departures": Array [
    Object {
      "arrival": 1552827480000,
      "arrivalIsCancelled": false,
      "arrivalWingIds": undefined,
      "auslastung": false,
      "currentStation": "test",
      "currentStationEva": "test",
      "delayArrival": 120,
      "delayDeparture": -1,
      "departure": 1552827540000,
      "departureIsCancelled": false,
      "departureWingIds": undefined,
      "destination": "Hagen Hbf",
      "hiddenArrival": undefined,
      "hiddenDeparture": undefined,
      "id": "6062058741531589910",
      "isCancelled": false,
      "lineNumber": "8",
      "longDistance": false,
      "mediumId": "6062058741531589910-1903161424",
      "messages": Object {
        "delay": Array [],
        "qos": Array [],
      },
      "o": "800354",
      "platform": "13",
      "productClass": "S",
      "rawId": "-6062058741531589910-1903161424-13",
      "ref": undefined,
      "reihung": false,
      "route": Array [
        Object {
          "name": "Mönchengladbach Hbf",
        },
        Object {
          "name": "Mönchengladbach-Lürrip",
        },
        Object {
          "name": "Korschenbroich",
        },
        Object {
          "name": "Kleinenbroich",
        },
        Object {
          "name": "Büttgen",
        },
        Object {
          "name": "Neuss Hbf",
        },
        Object {
          "name": "Neuss Am Kaiser",
        },
        Object {
          "name": "Neuss Rheinparkcenter",
        },
        Object {
          "name": "Düsseldorf-Hamm",
        },
        Object {
          "name": "Düsseldorf Völklinger Str.",
        },
        Object {
          "name": "Düsseldorf-Bilk",
        },
        Object {
          "name": "Düsseldorf Friedrichstadt",
        },
        Object {
          "isCancelled": false,
          "name": "test",
        },
        Object {
          "name": "Düsseldorf-Flingern",
        },
        Object {
          "name": "Düsseldorf-Gerresheim",
        },
        Object {
          "name": "Erkrath",
        },
        Object {
          "name": "Hochdahl",
        },
        Object {
          "name": "Hochdahl-Millrath",
        },
        Object {
          "name": "Haan-Gruiten",
        },
        Object {
          "name": "Wuppertal-Vohwinkel",
        },
        Object {
          "name": "Wuppertal-Sonnborn",
        },
        Object {
          "name": "Wuppertal-Zoologischer Garten",
        },
        Object {
          "name": "Wuppertal-Steinbeck",
        },
        Object {
          "name": "Wuppertal Hbf",
        },
        Object {
          "name": "Wuppertal-Unterbarmen",
        },
        Object {
          "name": "Wuppertal-Barmen",
        },
        Object {
          "name": "Wuppertal-Oberbarmen",
        },
        Object {
          "name": "Wuppertal-Langerfeld",
        },
        Object {
          "name": "Schwelm West",
        },
        Object {
          "name": "Schwelm",
        },
        Object {
          "name": "Gevelsberg West",
        },
        Object {
          "name": "Gevelsberg-Kipp",
        },
        Object {
          "name": "Gevelsberg Hbf",
        },
        Object {
          "name": "Gevelsberg-Knapp",
        },
        Object {
          "name": "Hagen-Westerbauer",
        },
        Object {
          "name": "Hagen-Heubing",
        },
        Object {
          "name": "Hagen-Wehringhausen",
        },
        Object {
          "name": "Hagen Hbf",
        },
      ],
      "scheduledArrival": 1552820280000,
      "scheduledDeparture": 1552827600000,
      "scheduledDestination": "Hagen Hbf",
      "scheduledPlatform": "13",
      "substitute": false,
      "thirdParty": undefined,
      "train": "S 8",
      "trainId": "8",
      "trainNumber": "30889",
      "trainType": "S",
      "via": Array [
        "Düsseldorf-Flingern",
        "Wuppertal",
        "Gevelsberg",
      ],
    },
  ],
  "lageplan": null,
  "wings": Object {},
}
`;

exports[`onlyPlan wings.xml 1`] = `
Object {
  "departures": Array [
    Object {
      "arrival": 1552827480000,
      "arrivalWingIds": undefined,
      "auslastung": false,
      "currentStation": "test",
      "currentStationEva": "test",
      "departure": 1552827600000,
      "departureWingIds": undefined,
      "destination": "Hagen Hbf",
      "hiddenArrival": undefined,
      "hiddenDeparture": undefined,
      "id": "6062058741531589910",
      "isCancelled": undefined,
      "lineNumber": "8",
      "longDistance": false,
      "mediumId": "6062058741531589910-1903161424",
      "messages": Object {
        "delay": Array [],
        "qos": Array [],
      },
      "o": "800354",
      "platform": "13",
      "productClass": "S",
      "rawId": "-6062058741531589910-1903161424-13",
      "reihung": false,
      "route": Array [
        Object {
          "name": "Mönchengladbach Hbf",
        },
        Object {
          "name": "Mönchengladbach-Lürrip",
        },
        Object {
          "name": "Korschenbroich",
        },
        Object {
          "name": "Kleinenbroich",
        },
        Object {
          "name": "Büttgen",
        },
        Object {
          "name": "Neuss Hbf",
        },
        Object {
          "name": "Neuss Am Kaiser",
        },
        Object {
          "name": "Neuss Rheinparkcenter",
        },
        Object {
          "name": "Düsseldorf-Hamm",
        },
        Object {
          "name": "Düsseldorf Völklinger Str.",
        },
        Object {
          "name": "Düsseldorf-Bilk",
        },
        Object {
          "name": "Düsseldorf Friedrichstadt",
        },
        Object {
          "isCancelled": undefined,
          "name": "test",
        },
        Object {
          "name": "Düsseldorf-Flingern",
        },
        Object {
          "name": "Düsseldorf-Gerresheim",
        },
        Object {
          "name": "Erkrath",
        },
        Object {
          "name": "Hochdahl",
        },
        Object {
          "name": "Hochdahl-Millrath",
        },
        Object {
          "name": "Haan-Gruiten",
        },
        Object {
          "name": "Wuppertal-Vohwinkel",
        },
        Object {
          "name": "Wuppertal-Sonnborn",
        },
        Object {
          "name": "Wuppertal-Zoologischer Garten",
        },
        Object {
          "name": "Wuppertal-Steinbeck",
        },
        Object {
          "name": "Wuppertal Hbf",
        },
        Object {
          "name": "Wuppertal-Unterbarmen",
        },
        Object {
          "name": "Wuppertal-Barmen",
        },
        Object {
          "name": "Wuppertal-Oberbarmen",
        },
        Object {
          "name": "Wuppertal-Langerfeld",
        },
        Object {
          "name": "Schwelm West",
        },
        Object {
          "name": "Schwelm",
        },
        Object {
          "name": "Gevelsberg West",
        },
        Object {
          "name": "Gevelsberg-Kipp",
        },
        Object {
          "name": "Gevelsberg Hbf",
        },
        Object {
          "name": "Gevelsberg-Knapp",
        },
        Object {
          "name": "Hagen-Westerbauer",
        },
        Object {
          "name": "Hagen-Heubing",
        },
        Object {
          "name": "Hagen-Wehringhausen",
        },
        Object {
          "name": "Hagen Hbf",
        },
      ],
      "scheduledArrival": 1552827480000,
      "scheduledDeparture": 1552827600000,
      "scheduledDestination": "Hagen Hbf",
      "scheduledPlatform": "13",
      "substitute": false,
      "thirdParty": undefined,
      "train": "S 8",
      "trainId": "8",
      "trainNumber": "30889",
      "trainType": "S",
      "via": Array [
        "Düsseldorf-Flingern",
        "Wuppertal",
        "Gevelsberg",
      ],
    },
  ],
  "lageplan": null,
  "wings": Object {},
}
`;
