// Jest Snapshot v1, https://goo.gl/fbAQLP

exports[`Reihungs API v1 /wagen 1`] = `
Object {
  "allFahrzeuggruppe": Array [
    Object {
      "allFahrzeug": Array [
        Object {
          "additionalInfo": Object {
            "klasse": 2,
          },
          "allFahrzeugausstattung": Array [
            Object {
              "anzahl": "",
              "ausstattungsart": "KLIMA",
              "bezeichnung": "",
              "status": "UNDEFINIERT",
            },
          ],
          "fahrzeugnummer": "938054155230",
          "fahrzeugsektor": "F",
          "fahrzeugtyp": "Bpmzf",
          "kategorie": "STEUERWAGENZWEITEKLASSE",
          "orientierung": "UNDEFINIERT",
          "positionamhalt": Object {
            "endemeter": "337",
            "endeprozent": "78",
            "startmeter": "310",
            "startprozent": "72",
          },
          "positioningruppe": "1",
          "status": "OFFEN",
          "wagenordnungsnummer": "31",
        },
        Object {
          "additionalInfo": Object {
            "klasse": 2,
            "rollstuhl": true,
          },
          "allFahrzeugausstattung": Array [
            Object {
              "anzahl": "",
              "ausstattungsart": "KLIMA",
              "bezeichnung": "",
              "status": "UNDEFINIERT",
            },
            Object {
              "anzahl": "",
              "ausstattungsart": "PLAETZEROLLSTUHL",
              "bezeichnung": "",
              "status": "UNDEFINIERT",
            },
            Object {
              "anzahl": "",
              "ausstattungsart": "ROLLSTUHLTOILETTE",
              "bezeichnung": "",
              "status": "UNDEFINIERT",
            },
          ],
          "fahrzeugnummer": "938054156832",
          "fahrzeugsektor": "E",
          "fahrzeugtyp": "Bpmbz",
          "kategorie": "REISEZUGWAGENZWEITEKLASSE",
          "orientierung": "UNDEFINIERT",
          "positionamhalt": Object {
            "endemeter": "310",
            "endeprozent": "72",
            "startmeter": "284.1",
            "startprozent": "66",
          },
          "positioningruppe": "2",
          "status": "OFFEN",
          "wagenordnungsnummer": "32",
        },
        Object {
          "additionalInfo": Object {
            "klasse": 2,
          },
          "allFahrzeugausstattung": Array [
            Object {
              "anzahl": "",
              "ausstattungsart": "KLIMA",
              "bezeichnung": "",
              "status": "UNDEFINIERT",
            },
          ],
          "fahrzeugnummer": "938054157830",
          "fahrzeugsektor": "E",
          "fahrzeugtyp": "Bpmz",
          "kategorie": "REISEZUGWAGENZWEITEKLASSE",
          "orientierung": "UNDEFINIERT",
          "positionamhalt": Object {
            "endemeter": "284.1",
            "endeprozent": "66",
            "startmeter": "258.2",
            "startprozent": "60",
          },
          "positioningruppe": "3",
          "status": "OFFEN",
          "wagenordnungsnummer": "33",
        },
        Object {
          "additionalInfo": Object {
            "klasse": 2,
            "speise": true,
          },
          "allFahrzeugausstattung": Array [
            Object {
              "anzahl": "",
              "ausstattungsart": "BISTRO",
              "bezeichnung": "",
              "status": "UNDEFINIERT",
            },
            Object {
              "anzahl": "",
              "ausstattungsart": "KLIMA",
              "bezeichnung": "",
              "status": "UNDEFINIERT",
            },
          ],
          "fahrzeugnummer": "938054151833",
          "fahrzeugsektor": "D",
          "fahrzeugtyp": "Bpmkz",
          "kategorie": "REISEZUGWAGENZWEITEKLASSE",
          "orientierung": "UNDEFINIERT",
          "positionamhalt": Object {
            "endemeter": "258.2",
            "endeprozent": "60",
            "startmeter": "232.3",
            "startprozent": "54",
          },
          "positioningruppe": "4",
          "status": "OFFEN",
          "wagenordnungsnummer": "37",
        },
        Object {
          "additionalInfo": Object {
            "klasse": 1,
          },
          "allFahrzeugausstattung": Array [
            Object {
              "anzahl": "",
              "ausstattungsart": "KLIMA",
              "bezeichnung": "",
              "status": "UNDEFINIERT",
            },
          ],
          "fahrzeugnummer": "938054150231",
          "fahrzeugsektor": "D",
          "fahrzeugtyp": "Apmzf",
          "kategorie": "STEUERWAGENERSTEKLASSE",
          "orientierung": "UNDEFINIERT",
          "positionamhalt": Object {
            "endemeter": "232.3",
            "endeprozent": "54",
            "startmeter": "204.4",
            "startprozent": "47",
          },
          "positioningruppe": "5",
          "status": "OFFEN",
          "wagenordnungsnummer": "38",
        },
      ],
      "br": Object {
        "BR": "415",
        "country": "DE",
        "name": "ICE T",
        "showBRInfo": true,
      },
      "endPercentage": 78,
      "fahrzeuggruppebezeichnung": "ICE1523",
      "startPercentage": 47,
      "startbetriebsstellename": "Wiesbaden Hbf",
      "verkehrlichezugnummer": "1653",
      "zielbetriebsstellename": "Leipzig Hbf",
    },
    Object {
      "allFahrzeug": Array [
        Object {
          "additionalInfo": Object {
            "klasse": 2,
          },
          "allFahrzeugausstattung": Array [
            Object {
              "anzahl": "",
              "ausstattungsart": "KLIMA",
              "bezeichnung": "",
              "status": "UNDEFINIERT",
            },
          ],
          "fahrzeugnummer": "938054115051",
          "fahrzeugsektor": "C",
          "fahrzeugtyp": "Bpmzf",
          "kategorie": "STEUERWAGENZWEITEKLASSE",
          "orientierung": "UNDEFINIERT",
          "positionamhalt": Object {
            "endemeter": "204.4",
            "endeprozent": "47",
            "startmeter": "177.4",
            "startprozent": "41",
          },
          "positioningruppe": "1",
          "status": "OFFEN",
          "wagenordnungsnummer": "21",
        },
        Object {
          "additionalInfo": Object {
            "klasse": 2,
            "rollstuhl": true,
          },
          "allFahrzeugausstattung": Array [
            Object {
              "anzahl": "",
              "ausstattungsart": "KLIMA",
              "bezeichnung": "",
              "status": "UNDEFINIERT",
            },
            Object {
              "anzahl": "",
              "ausstattungsart": "PLAETZEROLLSTUHL",
              "bezeichnung": "",
              "status": "UNDEFINIERT",
            },
            Object {
              "anzahl": "",
              "ausstattungsart": "ROLLSTUHLTOILETTE",
              "bezeichnung": "",
              "status": "UNDEFINIERT",
            },
          ],
          "fahrzeugnummer": "938054116216",
          "fahrzeugsektor": "C",
          "fahrzeugtyp": "Bpmbz",
          "kategorie": "REISEZUGWAGENZWEITEKLASSE",
          "orientierung": "UNDEFINIERT",
          "positionamhalt": Object {
            "endemeter": "177.4",
            "endeprozent": "41",
            "startmeter": "151.5",
            "startprozent": "35",
          },
          "positioningruppe": "2",
          "status": "OFFEN",
          "wagenordnungsnummer": "22",
        },
        Object {
          "additionalInfo": Object {
            "klasse": 2,
          },
          "allFahrzeugausstattung": Array [
            Object {
              "anzahl": "",
              "ausstattungsart": "KLIMA",
              "bezeichnung": "",
              "status": "UNDEFINIERT",
            },
          ],
          "fahrzeugnummer": "938054117214",
          "fahrzeugsektor": "B",
          "fahrzeugtyp": "Bpmz",
          "kategorie": "REISEZUGWAGENZWEITEKLASSE",
          "orientierung": "UNDEFINIERT",
          "positionamhalt": Object {
            "endemeter": "151.5",
            "endeprozent": "35",
            "startmeter": "125.6",
            "startprozent": "29",
          },
          "positioningruppe": "3",
          "status": "OFFEN",
          "wagenordnungsnummer": "23",
        },
        Object {
          "additionalInfo": Object {
            "fahrrad": true,
            "klasse": 2,
          },
          "allFahrzeugausstattung": Array [
            Object {
              "anzahl": "",
              "ausstattungsart": "KLIMA",
              "bezeichnung": "",
              "status": "UNDEFINIERT",
            },
            Object {
              "anzahl": "3",
              "ausstattungsart": "PLAETZEFAHRRAD",
              "bezeichnung": "",
              "status": "UNDEFINIERT",
            },
          ],
          "fahrzeugnummer": "938054118097",
          "fahrzeugsektor": "B",
          "fahrzeugtyp": "Bpmdz",
          "kategorie": "REISEZUGWAGENZWEITEKLASSE",
          "orientierung": "UNDEFINIERT",
          "positionamhalt": Object {
            "endemeter": "125.6",
            "endeprozent": "29",
            "startmeter": "99.7",
            "startprozent": "23",
          },
          "positioningruppe": "4",
          "status": "OFFEN",
          "wagenordnungsnummer": "24",
        },
        Object {
          "additionalInfo": Object {
            "klasse": 2,
            "speise": true,
          },
          "allFahrzeugausstattung": Array [],
          "fahrzeugnummer": "938054112215",
          "fahrzeugsektor": "B",
          "fahrzeugtyp": "WRmz",
          "kategorie": "SPEISEWAGEN",
          "orientierung": "UNDEFINIERT",
          "positionamhalt": Object {
            "endemeter": "99.7",
            "endeprozent": "23",
            "startmeter": "73.8",
            "startprozent": "17",
          },
          "positioningruppe": "5",
          "status": "OFFEN",
          "wagenordnungsnummer": "26",
        },
        Object {
          "additionalInfo": Object {
            "klasse": 3,
          },
          "allFahrzeugausstattung": Array [
            Object {
              "anzahl": "",
              "ausstattungsart": "KLIMA",
              "bezeichnung": "",
              "status": "UNDEFINIERT",
            },
          ],
          "fahrzeugnummer": "938054111217",
          "fahrzeugsektor": "A",
          "fahrzeugtyp": "ABpmz",
          "kategorie": "REISEZUGWAGENERSTEZWEITEKLASSE",
          "orientierung": "UNDEFINIERT",
          "positionamhalt": Object {
            "endemeter": "73.8",
            "endeprozent": "17",
            "startmeter": "47.9",
            "startprozent": "11",
          },
          "positioningruppe": "6",
          "status": "OFFEN",
          "wagenordnungsnummer": "27",
        },
        Object {
          "additionalInfo": Object {
            "klasse": 1,
          },
          "allFahrzeugausstattung": Array [
            Object {
              "anzahl": "",
              "ausstattungsart": "KLIMA",
              "bezeichnung": "",
              "status": "UNDEFINIERT",
            },
          ],
          "fahrzeugnummer": "938054110813",
          "fahrzeugsektor": "A",
          "fahrzeugtyp": "Apmzf",
          "kategorie": "STEUERWAGENERSTEKLASSE",
          "orientierung": "UNDEFINIERT",
          "positionamhalt": Object {
            "endemeter": "47.9",
            "endeprozent": "11",
            "startmeter": "20",
            "startprozent": "5",
          },
          "positioningruppe": "7",
          "status": "OFFEN",
          "wagenordnungsnummer": "28",
        },
      ],
      "br": Object {
        "BR": "411",
        "country": "DE",
        "name": "ICE T",
        "serie": "2",
        "showBRInfo": true,
      },
      "endPercentage": 47,
      "fahrzeuggruppebezeichnung": "ICE1181",
      "startPercentage": 5,
      "startbetriebsstellename": "Mainz Hbf",
      "verkehrlichezugnummer": "1653",
      "zielbetriebsstellename": "Dresden Hbf",
    },
  ],
  "differentDestination": true,
  "differentZugnummer": false,
  "endPercentage": 78,
  "fahrtid": "",
  "fahrtrichtung": "VORWAERTS",
  "halt": Object {
    "abfahrtszeit": "2019-06-27T15:20:00",
    "allSektor": Array [
      Object {
        "positionamgleis": Object {
          "endemeter": "79.825",
          "endeprozent": "18",
          "startmeter": "0",
          "startprozent": "0",
        },
        "sektorbezeichnung": "A",
      },
      Object {
        "positionamgleis": Object {
          "endemeter": "145.7",
          "endeprozent": "34",
          "startmeter": "79.825",
          "startprozent": "18",
        },
        "sektorbezeichnung": "B",
      },
      Object {
        "positionamgleis": Object {
          "endemeter": "218.25",
          "endeprozent": "50",
          "startmeter": "145.7",
          "startprozent": "34",
        },
        "sektorbezeichnung": "C",
      },
      Object {
        "positionamgleis": Object {
          "endemeter": "269.25",
          "endeprozent": "62",
          "startmeter": "218.25",
          "startprozent": "50",
        },
        "sektorbezeichnung": "D",
      },
      Object {
        "positionamgleis": Object {
          "endemeter": "320.275",
          "endeprozent": "74",
          "startmeter": "269.25",
          "startprozent": "62",
        },
        "sektorbezeichnung": "E",
      },
      Object {
        "positionamgleis": Object {
          "endemeter": "433.15",
          "endeprozent": "100",
          "startmeter": "320.275",
          "startprozent": "74",
        },
        "sektorbezeichnung": "F",
      },
    ],
    "ankunftszeit": "2019-06-27T15:15:00",
    "bahnhofsname": "Frankfurt(Main)Hbf",
    "evanummer": "8000105",
    "gleisbezeichnung": "9",
    "haltid": "FF",
    "rl100": "FF",
  },
  "istplaninformation": true,
  "liniebezeichnung": "",
  "planstarttag": "2019-06-27",
  "realFahrtrichtung": false,
  "scale": 1.36986301369863,
  "serviceid": "6803578944",
  "startPercentage": 5,
  "zuggattung": "ICE",
  "zugnummer": "1653",
}
`;
